base-record path=sylver/move26_data/full_82.txt rows=200
base-record path=sylver/move26_data/x_sortie.txt rows=3
ROW-CHECKPOINT loaded path=sylver/move26_data/periodicity_x.cache.rowstate active_n=409 scanned_to=407 shapes=220574 eparts=447 evaluations=22641268
engine base=16,26,82,88, f=59 tbar=118
ROW begin n=409 shapes=220574 eparts=447
EVALUATIONS count=30000000 sid=220984 m=127 shapes=221797 eparts=447
EVALUATIONS count=40000000 sid=221027 m=127 shapes=221892 eparts=447
EVALUATIONS count=50000000 sid=220314 m=107 shapes=221935 eparts=447
EVALUATIONS count=60000000 sid=11995 m=43 shapes=221966 eparts=447
EVALUATIONS count=70000000 sid=219983 m=121 shapes=221981 eparts=447
EVALUATIONS count=80000000 sid=219137 m=95 shapes=221995 eparts=447
EVALUATIONS count=90000000 sid=219118 m=5 shapes=221995 eparts=447
EVALUATIONS count=100000000 sid=12033 m=89 shapes=221995 eparts=447
EVALUATIONS count=110000000 sid=91903 m=127 shapes=221995 eparts=447
EVALUATIONS count=120000000 sid=67351 m=127 shapes=222002 eparts=447
EVALUATIONS count=130000000 sid=219177 m=89 shapes=222010 eparts=447
EVALUATIONS count=140000000 sid=220985 m=127 shapes=222010 eparts=447
EVALUATIONS count=150000000 sid=220985 m=127 shapes=222011 eparts=447
EVALUATIONS count=160000000 sid=221205 m=117 shapes=222011 eparts=447
EVALUATIONS count=170000000 sid=191829 m=129 shapes=222333 eparts=447
EVALUATIONS count=180000000 sid=204 m=129 shapes=222471 eparts=447
EVALUATIONS count=190000000 sid=174491 m=129 shapes=222500 eparts=447
EVALUATIONS count=200000000 sid=219472 m=113 shapes=222502 eparts=447
EVALUATIONS count=210000000 sid=204 m=129 shapes=222518 eparts=447
EVALUATIONS count=220000000 sid=173349 m=127 shapes=222518 eparts=447
EVALUATIONS count=230000000 sid=219400 m=117 shapes=222518 eparts=447
EVALUATIONS count=240000000 sid=219380 m=111 shapes=222521 eparts=447
EVALUATIONS count=250000000 sid=219472 m=109 shapes=222521 eparts=447
EVALUATIONS count=260000000 sid=215028 m=129 shapes=222521 eparts=447
EVALUATIONS count=270000000 sid=219472 m=113 shapes=222522 eparts=447
EVALUATIONS count=280000000 sid=220977 m=113 shapes=222522 eparts=447
EVALUATIONS count=290000000 sid=222120 m=121 shapes=222523 eparts=447
EVALUATIONS count=300000000 sid=220764 m=115 shapes=222523 eparts=447
EVALUATIONS count=310000000 sid=222018 m=107 shapes=222523 eparts=447
EVALUATIONS count=320000000 sid=222018 m=107 shapes=222523 eparts=447
EVALUATIONS count=330000000 sid=195385 m=133 shapes=222526 eparts=447
EVALUATIONS count=340000000 sid=150400 m=121 shapes=222526 eparts=447
EVALUATIONS count=350000000 sid=219985 m=129 shapes=222526 eparts=447
EVALUATIONS count=360000000 sid=220764 m=115 shapes=222526 eparts=447
EVALUATIONS count=370000000 sid=93288 m=129 shapes=222526 eparts=447
EVALUATIONS count=380000000 sid=219976 m=129 shapes=222526 eparts=447
EVALUATIONS count=390000000 sid=220938 m=127 shapes=222528 eparts=447
EVALUATIONS count=400000000 sid=90855 m=129 shapes=222657 eparts=447
EVALUATIONS count=410000000 sid=90855 m=129 shapes=222678 eparts=447
EVALUATIONS count=420000000 sid=220236 m=111 shapes=222707 eparts=447
EVALUATIONS count=430000000 sid=221000 m=127 shapes=222793 eparts=447
EVALUATIONS count=440000000 sid=220977 m=113 shapes=222793 eparts=447
EVALUATIONS count=450000000 sid=219558 m=109 shapes=222793 eparts=447
EVALUATIONS count=460000000 sid=11995 m=29 shapes=222802 eparts=447
EVALUATIONS count=470000000 sid=11996 m=81 shapes=222810 eparts=447
EVALUATIONS count=480000000 sid=24418 m=127 shapes=222813 eparts=447
EVALUATIONS count=490000000 sid=24368 m=127 shapes=222816 eparts=447
EVALUATIONS count=500000000 sid=219470 m=103 shapes=222821 eparts=447
EVALUATIONS count=510000000 sid=222070 m=113 shapes=222821 eparts=447
EVALUATIONS count=520000000 sid=219977 m=103 shapes=222821 eparts=447
EVALUATIONS count=530000000 sid=220903 m=121 shapes=222826 eparts=447
EVALUATIONS count=540000000 sid=219217 m=107 shapes=222830 eparts=447
EVALUATIONS count=550000000 sid=185258 m=131 shapes=222830 eparts=447
EVALUATIONS count=560000000 sid=11995 m=29 shapes=222835 eparts=447
EVALUATIONS count=570000000 sid=191139 m=127 shapes=222835 eparts=447
EVALUATIONS count=580000000 sid=19047 m=127 shapes=222835 eparts=447
EVALUATIONS count=590000000 sid=220912 m=121 shapes=222835 eparts=447
EVALUATIONS count=600000000 sid=220901 m=115 shapes=222835 eparts=447
EVALUATIONS count=610000000 sid=185258 m=131 shapes=222842 eparts=447
EVALUATIONS count=620000000 sid=197 m=121 shapes=222847 eparts=447
EVALUATIONS count=630000000 sid=222070 m=113 shapes=222854 eparts=447
EVALUATIONS count=640000000 sid=222022 m=129 shapes=222854 eparts=447
EVALUATIONS count=650000000 sid=220767 m=111 shapes=222854 eparts=447
EVALUATIONS count=660000000 sid=93557 m=127 shapes=222854 eparts=447
EVALUATIONS count=670000000 sid=214837 m=127 shapes=222854 eparts=447
EVALUATIONS count=680000000 sid=166378 m=127 shapes=222854 eparts=447
EVALUATIONS count=690000000 sid=219205 m=101 shapes=222854 eparts=447
EVALUATIONS count=700000000 sid=214096 m=133 shapes=222859 eparts=447
EVALUATIONS count=710000000 sid=222019 m=119 shapes=222859 eparts=447
EVALUATIONS count=720000000 sid=219470 m=103 shapes=222860 eparts=447
EVALUATIONS count=730000000 sid=11995 m=71 shapes=222860 eparts=447
EVALUATIONS count=740000000 sid=197 m=121 shapes=222860 eparts=447
EVALUATIONS count=750000000 sid=162706 m=127 shapes=222860 eparts=447
EVALUATIONS count=760000000 sid=219201 m=95 shapes=222860 eparts=447
EVALUATIONS count=770000000 sid=220980 m=127 shapes=222860 eparts=447
EVALUATIONS count=780000000 sid=219118 m=3 shapes=222860 eparts=447
EVALUATIONS count=790000000 sid=220972 m=119 shapes=222860 eparts=447
EVALUATIONS count=800000000 sid=219470 m=103 shapes=222860 eparts=447
EVALUATIONS count=810000000 sid=220981 m=115 shapes=222860 eparts=447
EVALUATIONS count=820000000 sid=12312 m=101 shapes=222867 eparts=447
EVALUATIONS count=830000000 sid=220897 m=105 shapes=222867 eparts=447
EVALUATIONS count=840000000 sid=94095 m=127 shapes=222867 eparts=447
EVALUATIONS count=850000000 sid=219203 m=105 shapes=222867 eparts=447
EVALUATIONS count=860000000 sid=219743 m=115 shapes=222867 eparts=447
EVALUATIONS count=870000000 sid=181316 m=127 shapes=222867 eparts=447
EVALUATIONS count=880000000 sid=220959 m=127 shapes=222867 eparts=447
EVALUATIONS count=890000000 sid=219472 m=113 shapes=222867 eparts=447
EVALUATIONS count=900000000 sid=212241 m=127 shapes=222867 eparts=447
EVALUATIONS count=910000000 sid=18194 m=121 shapes=222867 eparts=447
EVALUATIONS count=920000000 sid=163164 m=129 shapes=222867 eparts=447
EVALUATIONS count=930000000 sid=196960 m=121 shapes=222867 eparts=447
EVALUATIONS count=940000000 sid=145142 m=127 shapes=222867 eparts=447
EVALUATIONS count=950000000 sid=219470 m=103 shapes=222867 eparts=447
EVALUATIONS count=960000000 sid=175366 m=121 shapes=222867 eparts=447
EVALUATIONS count=970000000 sid=24418 m=127 shapes=222942 eparts=447
EVALUATIONS count=980000000 sid=220893 m=109 shapes=222944 eparts=447
EVALUATIONS count=990000000 sid=219314 m=105 shapes=222976 eparts=447
EVALUATIONS count=1000000000 sid=214392 m=127 shapes=222990 eparts=447
EVALUATIONS count=1010000000 sid=219223 m=115 shapes=222994 eparts=447
EVALUATIONS count=1020000000 sid=25588 m=127 shapes=222994 eparts=447
EVALUATIONS count=1030000000 sid=220893 m=109 shapes=222995 eparts=447
EVALUATIONS count=1040000000 sid=220901 m=115 shapes=222995 eparts=447
EVALUATIONS count=1050000000 sid=188986 m=125 shapes=222997 eparts=447
EVALUATIONS count=1060000000 sid=148212 m=127 shapes=223018 eparts=447
EVALUATIONS count=1070000000 sid=220937 m=127 shapes=223032 eparts=447
EVALUATIONS count=1080000000 sid=220908 m=121 shapes=223032 eparts=447
EVALUATIONS count=1090000000 sid=219221 m=101 shapes=223036 eparts=447
EVALUATIONS count=1100000000 sid=220764 m=115 shapes=223040 eparts=447
EVALUATIONS count=1110000000 sid=24355 m=121 shapes=223053 eparts=447
EVALUATIONS count=1120000000 sid=24390 m=129 shapes=223053 eparts=447
EVALUATIONS count=1130000000 sid=220371 m=111 shapes=223053 eparts=447
EVALUATIONS count=1140000000 sid=195573 m=129 shapes=223053 eparts=447
EVALUATIONS count=1150000000 sid=11995 m=29 shapes=223053 eparts=447
EVALUATIONS count=1160000000 sid=195540 m=127 shapes=223056 eparts=447
EVALUATIONS count=1170000000 sid=219570 m=103 shapes=223059 eparts=447
EVALUATIONS count=1180000000 sid=220984 m=127 shapes=223059 eparts=447
EVALUATIONS count=1190000000 sid=221536 m=121 shapes=223059 eparts=447
EVALUATIONS count=1200000000 sid=93693 m=131 shapes=223059 eparts=447
EVALUATIONS count=1210000000 sid=162238 m=127 shapes=223059 eparts=447
EVALUATIONS count=1220000000 sid=219923 m=121 shapes=223059 eparts=447
EVALUATIONS count=1230000000 sid=219119 m=95 shapes=223059 eparts=447
EVALUATIONS count=1240000000 sid=11995 m=41 shapes=223064 eparts=447
EVALUATIONS count=1250000000 sid=220156 m=107 shapes=223064 eparts=447
EVALUATIONS count=1260000000 sid=220979 m=127 shapes=223064 eparts=447
EVALUATIONS count=1270000000 sid=219985 m=129 shapes=223064 eparts=447
EVALUATIONS count=1280000000 sid=12311 m=127 shapes=223064 eparts=447
EVALUATIONS count=1290000000 sid=219230 m=101 shapes=223064 eparts=447
EVALUATIONS count=1300000000 sid=219177 m=89 shapes=223064 eparts=447
EVALUATIONS count=1310000000 sid=97028 m=121 shapes=223064 eparts=447
EVALUATIONS count=1320000000 sid=181316 m=127 shapes=223066 eparts=447
EVALUATIONS count=1330000000 sid=204 m=127 shapes=223066 eparts=447
EVALUATIONS count=1340000000 sid=11995 m=11 shapes=223066 eparts=447
EVALUATIONS count=1350000000 sid=11997 m=83 shapes=223066 eparts=447
EVALUATIONS count=1360000000 sid=67495 m=127 shapes=223066 eparts=447
EVALUATIONS count=1370000000 sid=219137 m=95 shapes=223066 eparts=447
EVALUATIONS count=1380000000 sid=220941 m=127 shapes=223066 eparts=447
EVALUATIONS count=1390000000 sid=220938 m=127 shapes=223066 eparts=447
EVALUATIONS count=1400000000 sid=220985 m=127 shapes=223066 eparts=447
EVALUATIONS count=1410000000 sid=24374 m=127 shapes=223066 eparts=447
EVALUATIONS count=1420000000 sid=220511 m=101 shapes=223066 eparts=447
EVALUATIONS count=1430000000 sid=219260 m=101 shapes=223066 eparts=447
EVALUATIONS count=1440000000 sid=11995 m=47 shapes=223066 eparts=447
EVALUATIONS count=1450000000 sid=220236 m=111 shapes=223066 eparts=447
EVALUATIONS count=1460000000 sid=219119 m=91 shapes=223095 eparts=447
EVALUATIONS count=1470000000 sid=2577 m=121 shapes=223095 eparts=447
EVALUATIONS count=1480000000 sid=91903 m=127 shapes=223095 eparts=447
EVALUATIONS count=1490000000 sid=220236 m=111 shapes=223095 eparts=447
EVALUATIONS count=1500000000 sid=90855 m=129 shapes=223095 eparts=447
EVALUATIONS count=1510000000 sid=219570 m=103 shapes=223095 eparts=447
EVALUATIONS count=1520000000 sid=220480 m=121 shapes=223095 eparts=447
EVALUATIONS count=1530000000 sid=222022 m=129 shapes=223095 eparts=447
EVALUATIONS count=1540000000 sid=219221 m=101 shapes=223095 eparts=447
EVALUATIONS count=1550000000 sid=203 m=133 shapes=223095 eparts=447
EVALUATIONS count=1560000000 sid=222074 m=121 shapes=223095 eparts=447
EVALUATIONS count=1570000000 sid=67495 m=131 shapes=223095 eparts=447
EVALUATIONS count=1580000000 sid=222105 m=123 shapes=223095 eparts=447
EVALUATIONS count=1590000000 sid=191774 m=129 shapes=223095 eparts=447
EVALUATIONS count=1600000000 sid=221188 m=121 shapes=223095 eparts=447
EVALUATIONS count=1610000000 sid=204 m=127 shapes=223095 eparts=447
EVALUATIONS count=1620000000 sid=220764 m=115 shapes=223095 eparts=447
EVALUATIONS count=1630000000 sid=222018 m=107 shapes=223095 eparts=447
EVALUATIONS count=1640000000 sid=222145 m=121 shapes=223095 eparts=447
EVALUATIONS count=1650000000 sid=219177 m=89 shapes=223095 eparts=447
EVALUATIONS count=1660000000 sid=67495 m=127 shapes=223095 eparts=447
EVALUATIONS count=1670000000 sid=220241 m=129 shapes=223095 eparts=447
EVALUATIONS count=1680000000 sid=219278 m=107 shapes=223105 eparts=447
EVALUATIONS count=1690000000 sid=220977 m=113 shapes=223113 eparts=447
EVALUATIONS count=1700000000 sid=219470 m=103 shapes=223113 eparts=447
EVALUATIONS count=1710000000 sid=67383 m=129 shapes=223113 eparts=447
EVALUATIONS count=1720000000 sid=220892 m=103 shapes=223113 eparts=447
EVALUATIONS count=1730000000 sid=41020 m=127 shapes=223113 eparts=447
EVALUATIONS count=1740000000 sid=12214 m=127 shapes=223113 eparts=447
EVALUATIONS count=1750000000 sid=24355 m=121 shapes=223118 eparts=447
EVALUATIONS count=1760000000 sid=219369 m=107 shapes=223127 eparts=447
EVALUATIONS count=1770000000 sid=219584 m=115 shapes=223127 eparts=447
EVALUATIONS count=1780000000 sid=220236 m=111 shapes=223127 eparts=447
EVALUATIONS count=1790000000 sid=24178 m=127 shapes=223127 eparts=447
EVALUATIONS count=1800000000 sid=220896 m=121 shapes=223127 eparts=447
EVALUATIONS count=1810000000 sid=219221 m=101 shapes=223127 eparts=447
EVALUATIONS count=1820000000 sid=222070 m=113 shapes=223127 eparts=447
EVALUATIONS count=1830000000 sid=196960 m=121 shapes=223127 eparts=447
EVALUATIONS count=1840000000 sid=195572 m=129 shapes=223127 eparts=447
EVALUATIONS count=1850000000 sid=220236 m=111 shapes=223127 eparts=447
EVALUATIONS count=1860000000 sid=24348 m=127 shapes=223127 eparts=447
EVALUATIONS count=1870000000 sid=11995 m=19 shapes=223127 eparts=447
EVALUATIONS count=1880000000 sid=24368 m=127 shapes=223127 eparts=447
EVALUATIONS count=1890000000 sid=220984 m=127 shapes=223127 eparts=447
EVALUATIONS count=1900000000 sid=219197 m=107 shapes=223127 eparts=447
EVALUATIONS count=1910000000 sid=220979 m=131 shapes=223127 eparts=447
EVALUATIONS count=1920000000 sid=162238 m=127 shapes=223127 eparts=447
EVALUATIONS count=1930000000 sid=91906 m=127 shapes=223127 eparts=447
EVALUATIONS count=1940000000 sid=219976 m=131 shapes=223127 eparts=447
EVALUATIONS count=1950000000 sid=220979 m=127 shapes=223127 eparts=447
EVALUATIONS count=1960000000 sid=219239 m=127 shapes=223127 eparts=447
EVALUATIONS count=1970000000 sid=219540 m=113 shapes=223127 eparts=447
EVALUATIONS count=1980000000 sid=220990 m=117 shapes=223127 eparts=447
EVALUATIONS count=1990000000 sid=24372 m=117 shapes=223127 eparts=447
EVALUATIONS count=2000000000 sid=222143 m=121 shapes=223127 eparts=447
EVALUATIONS count=2010000000 sid=67383 m=129 shapes=223127 eparts=447
EVALUATIONS count=2020000000 sid=220234 m=129 shapes=223127 eparts=447
EVALUATIONS count=2030000000 sid=220013 m=113 shapes=223127 eparts=447
EVALUATIONS count=2040000000 sid=204 m=127 shapes=223127 eparts=447
EVALUATIONS count=2050000000 sid=203 m=121 shapes=223127 eparts=447
EVALUATIONS count=2060000000 sid=220764 m=115 shapes=223127 eparts=447
EVALUATIONS count=2070000000 sid=219472 m=109 shapes=223127 eparts=447
EVALUATIONS count=2080000000 sid=220901 m=115 shapes=223127 eparts=447
EVALUATIONS count=2090000000 sid=220902 m=121 shapes=223127 eparts=447
EVALUATIONS count=2100000000 sid=160978 m=127 shapes=223127 eparts=447
EVALUATIONS count=2110000000 sid=220897 m=105 shapes=223127 eparts=447
EVALUATIONS count=2120000000 sid=145085 m=121 shapes=223127 eparts=447
EVALUATIONS count=2130000000 sid=220532 m=111 shapes=223127 eparts=447
EVALUATIONS count=2140000000 sid=189257 m=127 shapes=223127 eparts=447
EVALUATIONS count=2150000000 sid=162260 m=121 shapes=223127 eparts=447
EVALUATIONS count=2160000000 sid=43074 m=129 shapes=223127 eparts=447
EVALUATIONS count=2170000000 sid=91906 m=127 shapes=223137 eparts=447
EVALUATIONS count=2180000000 sid=220903 m=121 shapes=223145 eparts=447
EVALUATIONS count=2190000000 sid=220319 m=121 shapes=223145 eparts=447
EVALUATIONS count=2200000000 sid=219177 m=89 shapes=223145 eparts=447
EVALUATIONS count=2210000000 sid=220766 m=127 shapes=223145 eparts=447
EVALUATIONS count=2220000000 sid=67519 m=121 shapes=223145 eparts=447
EVALUATIONS count=2230000000 sid=176955 m=121 shapes=223145 eparts=447
EVALUATIONS count=2240000000 sid=220001 m=121 shapes=223145 eparts=447
EVALUATIONS count=2250000000 sid=160794 m=131 shapes=223145 eparts=447
EVALUATIONS count=2260000000 sid=219230 m=101 shapes=223145 eparts=447
EVALUATIONS count=2270000000 sid=220892 m=109 shapes=223145 eparts=447
EVALUATIONS count=2280000000 sid=220900 m=121 shapes=223145 eparts=447
EVALUATIONS count=2290000000 sid=219314 m=105 shapes=223149 eparts=447
EVALUATIONS count=2300000000 sid=90861 m=129 shapes=223149 eparts=447
EVALUATIONS count=2310000000 sid=91903 m=127 shapes=223150 eparts=447
EVALUATIONS count=2320000000 sid=197 m=121 shapes=223150 eparts=447
EVALUATIONS count=2330000000 sid=220496 m=119 shapes=223150 eparts=447
EVALUATIONS count=2340000000 sid=220980 m=127 shapes=223151 eparts=447
EVALUATIONS count=2350000000 sid=219398 m=103 shapes=223151 eparts=447
EVALUATIONS count=2360000000 sid=93693 m=131 shapes=223151 eparts=447
EVALUATIONS count=2370000000 sid=219118 m=5 shapes=223157 eparts=447
EVALUATIONS count=2380000000 sid=220892 m=103 shapes=223157 eparts=447
EVALUATIONS count=2390000000 sid=219177 m=89 shapes=223157 eparts=447
EVALUATIONS count=2400000000 sid=219205 m=91 shapes=223157 eparts=447
EVALUATIONS count=2410000000 sid=220903 m=121 shapes=223157 eparts=447
EVALUATIONS count=2420000000 sid=220307 m=125 shapes=223157 eparts=447
EVALUATIONS count=2430000000 sid=173497 m=127 shapes=223157 eparts=447
EVALUATIONS count=2440000000 sid=173534 m=127 shapes=223157 eparts=447
EVALUATIONS count=2450000000 sid=93283 m=129 shapes=223157 eparts=447
EVALUATIONS count=2460000000 sid=189690 m=121 shapes=223157 eparts=447
EVALUATIONS count=2470000000 sid=219314 m=105 shapes=223157 eparts=447
EVALUATIONS count=2480000000 sid=220980 m=127 shapes=223157 eparts=447
EVALUATIONS count=2490000000 sid=191140 m=127 shapes=223157 eparts=447
EVALUATIONS count=2500000000 sid=219177 m=89 shapes=223157 eparts=447
EVALUATIONS count=2510000000 sid=11995 m=51 shapes=223157 eparts=447
EVALUATIONS count=2520000000 sid=219398 m=103 shapes=223157 eparts=447
EVALUATIONS count=2530000000 sid=219380 m=107 shapes=223157 eparts=447
EVALUATIONS count=2540000000 sid=219203 m=105 shapes=223157 eparts=447
EVALUATIONS count=2550000000 sid=219563 m=121 shapes=223157 eparts=447
EVALUATIONS count=2560000000 sid=174809 m=129 shapes=223158 eparts=447
EVALUATIONS count=2570000000 sid=220980 m=127 shapes=223158 eparts=447
EVALUATIONS count=2580000000 sid=219311 m=105 shapes=223158 eparts=447
EVALUATIONS count=2590000000 sid=220897 m=105 shapes=223158 eparts=447
EVALUATIONS count=2600000000 sid=220979 m=131 shapes=223158 eparts=447
EVALUATIONS count=2610000000 sid=222018 m=107 shapes=223158 eparts=447
EVALUATIONS count=2620000000 sid=219369 m=107 shapes=223158 eparts=447
EVALUATIONS count=2630000000 sid=220319 m=121 shapes=223158 eparts=447
EVALUATIONS count=2640000000 sid=220596 m=123 shapes=223158 eparts=447
EVALUATIONS count=2650000000 sid=222019 m=119 shapes=223162 eparts=447
EVALUATIONS count=2660000000 sid=222119 m=117 shapes=223162 eparts=447
EVALUATIONS count=2670000000 sid=220241 m=129 shapes=223162 eparts=447
EVALUATIONS count=2680000000 sid=94095 m=127 shapes=223162 eparts=447
EVALUATIONS count=2690000000 sid=220972 m=119 shapes=223162 eparts=447
EVALUATIONS count=2700000000 sid=26686 m=127 shapes=223162 eparts=447
EVALUATIONS count=2710000000 sid=24351 m=127 shapes=223164 eparts=447
EVALUATIONS count=2720000000 sid=212292 m=127 shapes=223164 eparts=447
EVALUATIONS count=2730000000 sid=222033 m=117 shapes=223164 eparts=447
EVALUATIONS count=2740000000 sid=220371 m=111 shapes=223164 eparts=447
EVALUATIONS count=2750000000 sid=222147 m=121 shapes=223164 eparts=447
EVALUATIONS count=2760000000 sid=185059 m=127 shapes=223164 eparts=447
EVALUATIONS count=2770000000 sid=219380 m=107 shapes=223164 eparts=447
EVALUATIONS count=2780000000 sid=23984 m=129 shapes=223164 eparts=447
EVALUATIONS count=2790000000 sid=67383 m=129 shapes=223164 eparts=447
EVALUATIONS count=2800000000 sid=219400 m=117 shapes=223164 eparts=447
EVALUATIONS count=2810000000 sid=220904 m=121 shapes=223164 eparts=447
EVALUATIONS count=2820000000 sid=219584 m=115 shapes=223164 eparts=447
EVALUATIONS count=2830000000 sid=219118 m=5 shapes=223164 eparts=447
EVALUATIONS count=2840000000 sid=220371 m=111 shapes=223164 eparts=447
EVALUATIONS count=2850000000 sid=173327 m=127 shapes=223164 eparts=447
EVALUATIONS count=2860000000 sid=66108 m=133 shapes=223164 eparts=447
EVALUATIONS count=2870000000 sid=219177 m=89 shapes=223164 eparts=447
EVALUATIONS count=2880000000 sid=195572 m=129 shapes=223164 eparts=447
EVALUATIONS count=2890000000 sid=214115 m=121 shapes=223164 eparts=447
EVALUATIONS count=2900000000 sid=204 m=129 shapes=223164 eparts=447
EVALUATIONS count=2910000000 sid=221000 m=127 shapes=223164 eparts=447
EVALUATIONS count=2920000000 sid=202 m=129 shapes=223164 eparts=447
EVALUATIONS count=2930000000 sid=163190 m=127 shapes=223164 eparts=447
EVALUATIONS count=2940000000 sid=195368 m=133 shapes=223164 eparts=447
EVALUATIONS count=2950000000 sid=219333 m=101 shapes=223164 eparts=447
EVALUATIONS count=2960000000 sid=219118 m=7 shapes=223164 eparts=447
EVALUATIONS count=2970000000 sid=220979 m=127 shapes=223166 eparts=447
EVALUATIONS count=2980000000 sid=219118 m=7 shapes=223166 eparts=447
EVALUATIONS count=2990000000 sid=220977 m=113 shapes=223166 eparts=447
EVALUATIONS count=3000000000 sid=222217 m=133 shapes=223166 eparts=447
EVALUATIONS count=3010000000 sid=221047 m=127 shapes=223166 eparts=447
EVALUATIONS count=3020000000 sid=96289 m=121 shapes=223166 eparts=447
EVALUATIONS count=3030000000 sid=219229 m=127 shapes=223166 eparts=447
EVALUATIONS count=3040000000 sid=25588 m=127 shapes=223166 eparts=447
EVALUATIONS count=3050000000 sid=219182 m=109 shapes=223166 eparts=447
EVALUATIONS count=3060000000 sid=92645 m=127 shapes=223166 eparts=447
EVALUATIONS count=3070000000 sid=219578 m=109 shapes=223166 eparts=447
EVALUATIONS count=3080000000 sid=220985 m=127 shapes=223166 eparts=447
EVALUATIONS count=3090000000 sid=220985 m=127 shapes=223166 eparts=447
EVALUATIONS count=3100000000 sid=24595 m=127 shapes=223166 eparts=447
EVALUATIONS count=3110000000 sid=11998 m=87 shapes=223166 eparts=447
EVALUATIONS count=3120000000 sid=220981 m=115 shapes=223166 eparts=447
EVALUATIONS count=3130000000 sid=11995 m=23 shapes=223166 eparts=447
EVALUATIONS count=3140000000 sid=220899 m=119 shapes=223166 eparts=447
EVALUATIONS count=3150000000 sid=219230 m=101 shapes=223166 eparts=447
EVALUATIONS count=3160000000 sid=219177 m=89 shapes=223166 eparts=447
EVALUATIONS count=3170000000 sid=90011 m=121 shapes=223166 eparts=447
EVALUATIONS count=3180000000 sid=93139 m=123 shapes=223166 eparts=447
EVALUATIONS count=3190000000 sid=220579 m=113 shapes=223166 eparts=447
EVALUATIONS count=3200000000 sid=219311 m=105 shapes=223166 eparts=447
EVALUATIONS count=3210000000 sid=219570 m=103 shapes=223166 eparts=447
EVALUATIONS count=3220000000 sid=222018 m=107 shapes=223166 eparts=447
EVALUATIONS count=3230000000 sid=220977 m=113 shapes=223166 eparts=447
EVALUATIONS count=3240000000 sid=90011 m=121 shapes=223166 eparts=447
EVALUATIONS count=3250000000 sid=161102 m=121 shapes=223166 eparts=447
EVALUATIONS count=3260000000 sid=174656 m=127 shapes=223167 eparts=447
EVALUATIONS count=3270000000 sid=219217 m=107 shapes=223167 eparts=447
EVALUATIONS count=3280000000 sid=219472 m=109 shapes=223167 eparts=447
EVALUATIONS count=3290000000 sid=219228 m=127 shapes=223167 eparts=447
EVALUATIONS count=3300000000 sid=219230 m=101 shapes=223167 eparts=447
EVALUATIONS count=3310000000 sid=220984 m=127 shapes=223167 eparts=447
EVALUATIONS count=3320000000 sid=219120 m=95 shapes=223167 eparts=447
EVALUATIONS count=3330000000 sid=219311 m=105 shapes=223167 eparts=447
EVALUATIONS count=3340000000 sid=221188 m=121 shapes=223167 eparts=447
EVALUATIONS count=3350000000 sid=221001 m=127 shapes=223167 eparts=447
EVALUATIONS count=3360000000 sid=189689 m=121 shapes=223167 eparts=447
EVALUATIONS count=3370000000 sid=18553 m=127 shapes=223167 eparts=447
EVALUATIONS count=3380000000 sid=219205 m=91 shapes=223167 eparts=447
EVALUATIONS count=3390000000 sid=220237 m=117 shapes=223167 eparts=447
EVALUATIONS count=3400000000 sid=220936 m=127 shapes=223167 eparts=447
EVALUATIONS count=3410000000 sid=8580 m=121 shapes=223167 eparts=447
EVALUATIONS count=3420000000 sid=11995 m=51 shapes=223167 eparts=447
EVALUATIONS count=3430000000 sid=220977 m=113 shapes=223167 eparts=447
EVALUATIONS count=3440000000 sid=12214 m=127 shapes=223167 eparts=447
EVALUATIONS count=3450000000 sid=220977 m=113 shapes=223167 eparts=447
EVALUATIONS count=3460000000 sid=220979 m=131 shapes=223167 eparts=447
EVALUATIONS count=3470000000 sid=145142 m=127 shapes=223167 eparts=447
EVALUATIONS count=3480000000 sid=219137 m=95 shapes=223167 eparts=447
EVALUATIONS count=3490000000 sid=222165 m=133 shapes=223167 eparts=447
EVALUATIONS count=3500000000 sid=222115 m=121 shapes=223167 eparts=447
EVALUATIONS count=3510000000 sid=163164 m=129 shapes=223167 eparts=447
EVALUATIONS count=3520000000 sid=66923 m=121 shapes=223167 eparts=447
EVALUATIONS count=3530000000 sid=220979 m=127 shapes=223167 eparts=447
EVALUATIONS count=3540000000 sid=219190 m=105 shapes=223167 eparts=447
EVALUATIONS count=3550000000 sid=220371 m=115 shapes=223167 eparts=447
EVALUATIONS count=3560000000 sid=220941 m=127 shapes=223167 eparts=447
EVALUATIONS count=3570000000 sid=220516 m=119 shapes=223167 eparts=447
EVALUATIONS count=3580000000 sid=11995 m=41 shapes=223167 eparts=447
EVALUATIONS count=3590000000 sid=220240 m=127 shapes=223167 eparts=447
EVALUATIONS count=3600000000 sid=219324 m=105 shapes=223167 eparts=447
EVALUATIONS count=3610000000 sid=221002 m=127 shapes=223167 eparts=447
EVALUATIONS count=3620000000 sid=92686 m=121 shapes=223167 eparts=447
EVALUATIONS count=3630000000 sid=219570 m=103 shapes=223167 eparts=447
EVALUATIONS count=3640000000 sid=219989 m=129 shapes=223167 eparts=447
EVALUATIONS count=3650000000 sid=191140 m=127 shapes=223167 eparts=447
EVALUATIONS count=3660000000 sid=220937 m=127 shapes=223167 eparts=447
EVALUATIONS count=3670000000 sid=188415 m=127 shapes=223167 eparts=447
EVALUATIONS count=3680000000 sid=220240 m=127 shapes=223167 eparts=447
EVALUATIONS count=3690000000 sid=191140 m=127 shapes=223167 eparts=447
EVALUATIONS count=3700000000 sid=105184 m=127 shapes=223167 eparts=447
EVALUATIONS count=3710000000 sid=221004 m=127 shapes=223167 eparts=447
EVALUATIONS count=3720000000 sid=90122 m=127 shapes=223167 eparts=447
EVALUATIONS count=3730000000 sid=219983 m=121 shapes=223167 eparts=447
EVALUATIONS count=3740000000 sid=220713 m=121 shapes=223167 eparts=447
EVALUATIONS count=3750000000 sid=201934 m=127 shapes=223167 eparts=447
EVALUATIONS count=3760000000 sid=67495 m=127 shapes=223167 eparts=447
EVALUATIONS count=3770000000 sid=219380 m=107 shapes=223167 eparts=447
EVALUATIONS count=3780000000 sid=173268 m=131 shapes=223167 eparts=447
EVALUATIONS count=3790000000 sid=166378 m=127 shapes=223167 eparts=447
EVALUATIONS count=3800000000 sid=219472 m=113 shapes=223167 eparts=447
EVALUATIONS count=3810000000 sid=221054 m=127 shapes=223169 eparts=447
EVALUATIONS count=3820000000 sid=219472 m=113 shapes=223169 eparts=447
EVALUATIONS count=3830000000 sid=219980 m=119 shapes=223169 eparts=447
EVALUATIONS count=3840000000 sid=220229 m=117 shapes=223169 eparts=447
EVALUATIONS count=3850000000 sid=203 m=121 shapes=223169 eparts=447
EVALUATIONS count=3860000000 sid=24390 m=129 shapes=223169 eparts=447
EVALUATIONS count=3870000000 sid=11995 m=39 shapes=223169 eparts=447
EVALUATIONS count=3880000000 sid=191057 m=121 shapes=223170 eparts=447
EVALUATIONS count=3890000000 sid=219919 m=111 shapes=223171 eparts=447
EVALUATIONS count=3900000000 sid=220926 m=121 shapes=223171 eparts=447
EVALUATIONS count=3910000000 sid=219884 m=117 shapes=223171 eparts=447
EVALUATIONS count=3920000000 sid=219977 m=103 shapes=223172 eparts=447
EVALUATIONS count=3930000000 sid=174809 m=129 shapes=223172 eparts=447
EVALUATIONS count=3940000000 sid=219232 m=95 shapes=223172 eparts=447
EVALUATIONS count=3950000000 sid=212241 m=127 shapes=223172 eparts=447
EVALUATIONS count=3960000000 sid=189247 m=129 shapes=223172 eparts=447
EVALUATIONS count=3970000000 sid=91901 m=127 shapes=223175 eparts=447
EVALUATIONS count=3980000000 sid=220897 m=105 shapes=223175 eparts=447
EVALUATIONS count=3990000000 sid=219118 m=3 shapes=223175 eparts=447
EVALUATIONS count=4000000000 sid=219205 m=91 shapes=223175 eparts=447
EVALUATIONS count=4010000000 sid=25588 m=127 shapes=223175 eparts=447
EVALUATIONS count=4020000000 sid=219213 m=101 shapes=223175 eparts=447
EVALUATIONS count=4030000000 sid=173534 m=127 shapes=223175 eparts=447
EVALUATIONS count=4040000000 sid=191140 m=127 shapes=223175 eparts=447
EVALUATIONS count=4050000000 sid=219230 m=101 shapes=223175 eparts=447
EVALUATIONS count=4060000000 sid=222018 m=107 shapes=223175 eparts=447
EVALUATIONS count=4070000000 sid=219472 m=109 shapes=223175 eparts=447
EVALUATIONS count=4080000000 sid=24350 m=127 shapes=223175 eparts=447
EVALUATIONS count=4090000000 sid=91906 m=127 shapes=223175 eparts=447
EVALUATIONS count=4100000000 sid=219177 m=89 shapes=223175 eparts=447
EVALUATIONS count=4110000000 sid=189256 m=127 shapes=223175 eparts=447
EVALUATIONS count=4120000000 sid=1845 m=127 shapes=223175 eparts=447
EVALUATIONS count=4130000000 sid=219213 m=101 shapes=223175 eparts=447
EVALUATIONS count=4140000000 sid=94227 m=127 shapes=223175 eparts=447
EVALUATIONS count=4150000000 sid=220900 m=121 shapes=223175 eparts=447
EVALUATIONS count=4160000000 sid=219985 m=129 shapes=223175 eparts=447
EVALUATIONS count=4170000000 sid=219231 m=127 shapes=223175 eparts=447
EVALUATIONS count=4180000000 sid=24375 m=127 shapes=223175 eparts=447
EVALUATIONS count=4190000000 sid=219228 m=127 shapes=223175 eparts=447
EVALUATIONS count=4200000000 sid=219472 m=113 shapes=223175 eparts=447
EVALUATIONS count=4210000000 sid=104562 m=127 shapes=223175 eparts=447
EVALUATIONS count=4220000000 sid=204 m=129 shapes=223175 eparts=447
EVALUATIONS count=4230000000 sid=219314 m=105 shapes=223175 eparts=447
EVALUATIONS count=4240000000 sid=219177 m=89 shapes=223175 eparts=447
EVALUATIONS count=4250000000 sid=220236 m=111 shapes=223175 eparts=447
EVALUATIONS count=4260000000 sid=17892 m=127 shapes=223175 eparts=447
EVALUATIONS count=4270000000 sid=219137 m=95 shapes=223175 eparts=447
EVALUATIONS count=4280000000 sid=220899 m=119 shapes=223175 eparts=447
EVALUATIONS count=4290000000 sid=220981 m=119 shapes=223175 eparts=447
EVALUATIONS count=4300000000 sid=219471 m=105 shapes=223175 eparts=447
EVALUATIONS count=4310000000 sid=96059 m=121 shapes=223175 eparts=447
EVALUATIONS count=4320000000 sid=219469 m=103 shapes=223175 eparts=447
EVALUATIONS count=4330000000 sid=204 m=127 shapes=223175 eparts=447
EVALUATIONS count=4340000000 sid=91906 m=127 shapes=223175 eparts=447
EVALUATIONS count=4350000000 sid=219977 m=103 shapes=223175 eparts=447
EVALUATIONS count=4360000000 sid=219180 m=103 shapes=223175 eparts=447
EVALUATIONS count=4370000000 sid=189200 m=123 shapes=223175 eparts=447
EVALUATIONS count=4380000000 sid=145142 m=127 shapes=223175 eparts=447
EVALUATIONS count=4390000000 sid=96289 m=121 shapes=223175 eparts=447
EVALUATIONS count=4400000000 sid=220941 m=127 shapes=223175 eparts=447
EVALUATIONS count=4410000000 sid=67495 m=127 shapes=223175 eparts=447
EVALUATIONS count=4420000000 sid=26086 m=121 shapes=223175 eparts=447
EVALUATIONS count=4430000000 sid=219570 m=103 shapes=223176 eparts=447
EVALUATIONS count=4440000000 sid=221026 m=127 shapes=223176 eparts=447
EVALUATIONS count=4450000000 sid=219148 m=101 shapes=223176 eparts=447
EVALUATIONS count=4460000000 sid=102296 m=121 shapes=223176 eparts=447
EVALUATIONS count=4470000000 sid=174491 m=129 shapes=223176 eparts=447
EVALUATIONS count=4480000000 sid=162725 m=121 shapes=223176 eparts=447
EVALUATIONS count=4490000000 sid=19047 m=127 shapes=223176 eparts=447
EVALUATIONS count=4500000000 sid=18194 m=121 shapes=223176 eparts=447
EVALUATIONS count=4510000000 sid=12025 m=99 shapes=223176 eparts=447
EVALUATIONS count=4520000000 sid=219490 m=111 shapes=223176 eparts=447
EVALUATIONS count=4530000000 sid=220985 m=127 shapes=223176 eparts=447
EVALUATIONS count=4540000000 sid=220371 m=111 shapes=223177 eparts=447
EVALUATIONS count=4550000000 sid=219472 m=109 shapes=223177 eparts=447
EVALUATIONS count=4560000000 sid=195540 m=127 shapes=223177 eparts=447
EVALUATIONS count=4570000000 sid=219221 m=101 shapes=223177 eparts=447
EVALUATIONS count=4580000000 sid=222034 m=121 shapes=223177 eparts=447
EVALUATIONS count=4590000000 sid=220981 m=115 shapes=223177 eparts=447
EVALUATIONS count=4600000000 sid=219213 m=101 shapes=223177 eparts=447
EVALUATIONS count=4610000000 sid=220240 m=127 shapes=223177 eparts=447
EVALUATIONS count=4620000000 sid=24453 m=131 shapes=223177 eparts=447
EVALUATIONS count=4630000000 sid=173526 m=127 shapes=223177 eparts=447
EVALUATIONS count=4640000000 sid=26086 m=121 shapes=223177 eparts=447
EVALUATIONS count=4650000000 sid=174491 m=129 shapes=223177 eparts=447
EVALUATIONS count=4660000000 sid=203 m=127 shapes=223177 eparts=447
EVALUATIONS count=4670000000 sid=11995 m=47 shapes=223177 eparts=447
EVALUATIONS count=4680000000 sid=11995 m=69 shapes=223177 eparts=447
EVALUATIONS count=4690000000 sid=191829 m=129 shapes=223177 eparts=447
EVALUATIONS count=4700000000 sid=67519 m=127 shapes=223177 eparts=447
EVALUATIONS count=4710000000 sid=219584 m=115 shapes=223177 eparts=447
EVALUATIONS count=4720000000 sid=93139 m=123 shapes=223177 eparts=447
EVALUATIONS count=4730000000 sid=191798 m=127 shapes=223179 eparts=447
EVALUATIONS count=4740000000 sid=219584 m=115 shapes=223179 eparts=447
EVALUATIONS count=4750000000 sid=220941 m=127 shapes=223179 eparts=447
EVALUATIONS count=4760000000 sid=173534 m=127 shapes=223179 eparts=447
EVALUATIONS count=4770000000 sid=220904 m=121 shapes=223179 eparts=447
EVALUATIONS count=4780000000 sid=204 m=129 shapes=223179 eparts=447
EVALUATIONS count=4790000000 sid=219472 m=109 shapes=223179 eparts=447
EVALUATIONS count=4800000000 sid=219540 m=109 shapes=223179 eparts=447
EVALUATIONS count=4810000000 sid=220901 m=115 shapes=223179 eparts=447
EVALUATIONS count=4820000000 sid=179481 m=121 shapes=223179 eparts=447
EVALUATIONS count=4830000000 sid=220237 m=117 shapes=223179 eparts=447
EVALUATIONS count=4840000000 sid=219570 m=103 shapes=223179 eparts=447
EVALUATIONS count=4850000000 sid=182071 m=133 shapes=223179 eparts=447
EVALUATIONS count=4860000000 sid=91903 m=127 shapes=223179 eparts=447
EVALUATIONS count=4870000000 sid=220287 m=115 shapes=223179 eparts=447
EVALUATIONS count=4880000000 sid=219469 m=103 shapes=223179 eparts=447
EVALUATIONS count=4890000000 sid=8580 m=121 shapes=223179 eparts=447
EVALUATIONS count=4900000000 sid=199161 m=127 shapes=223179 eparts=447
EVALUATIONS count=4910000000 sid=219177 m=89 shapes=223179 eparts=447
EVALUATIONS count=4920000000 sid=145142 m=127 shapes=223179 eparts=447
EVALUATIONS count=4930000000 sid=12313 m=127 shapes=223179 eparts=447
EVALUATIONS count=4940000000 sid=24355 m=121 shapes=223183 eparts=447
EVALUATIONS count=4950000000 sid=219137 m=95 shapes=223183 eparts=447
EVALUATIONS count=4960000000 sid=219118 m=3 shapes=223183 eparts=447
EVALUATIONS count=4970000000 sid=220935 m=117 shapes=223183 eparts=447
EVALUATIONS count=4980000000 sid=220981 m=115 shapes=223183 eparts=447
EVALUATIONS count=4990000000 sid=197 m=121 shapes=223183 eparts=447
EVALUATIONS count=5000000000 sid=91525 m=121 shapes=223183 eparts=447
EVALUATIONS count=5010000000 sid=67495 m=127 shapes=223183 eparts=447
EVALUATIONS count=5020000000 sid=220532 m=111 shapes=223183 eparts=447
EVALUATIONS count=5030000000 sid=219470 m=103 shapes=223183 eparts=447
EVALUATIONS count=5040000000 sid=220897 m=105 shapes=223183 eparts=447
EVALUATIONS count=5050000000 sid=176955 m=121 shapes=223183 eparts=447
EVALUATIONS count=5060000000 sid=219471 m=105 shapes=223183 eparts=447
EVALUATIONS count=5070000000 sid=222022 m=129 shapes=223183 eparts=447
EVALUATIONS count=5080000000 sid=24372 m=117 shapes=223183 eparts=447
EVALUATIONS count=5090000000 sid=214837 m=127 shapes=223183 eparts=447
EVALUATIONS count=5100000000 sid=174491 m=129 shapes=223183 eparts=447
EVALUATIONS count=5110000000 sid=162238 m=127 shapes=223183 eparts=447
EVALUATIONS count=5120000000 sid=221337 m=111 shapes=223183 eparts=447
EVALUATIONS count=5130000000 sid=25588 m=127 shapes=223183 eparts=447
EVALUATIONS count=5140000000 sid=220981 m=115 shapes=223183 eparts=447
EVALUATIONS count=5150000000 sid=219400 m=117 shapes=223183 eparts=447
EVALUATIONS count=5160000000 sid=219540 m=113 shapes=223183 eparts=447
EVALUATIONS count=5170000000 sid=204 m=129 shapes=223183 eparts=447
EVALUATIONS count=5180000000 sid=174491 m=129 shapes=223183 eparts=447
EVALUATIONS count=5190000000 sid=221687 m=127 shapes=223183 eparts=447
EVALUATIONS count=5200000000 sid=11995 m=71 shapes=223183 eparts=447
EVALUATIONS count=5210000000 sid=220934 m=115 shapes=223183 eparts=447
EVALUATIONS count=5220000000 sid=145142 m=127 shapes=223183 eparts=447
EVALUATIONS count=5230000000 sid=24693 m=129 shapes=223183 eparts=447
EVALUATIONS count=5240000000 sid=12552 m=123 shapes=223183 eparts=447
EVALUATIONS count=5250000000 sid=67495 m=127 shapes=223183 eparts=447
EVALUATIONS count=5260000000 sid=220899 m=119 shapes=223183 eparts=447
EVALUATIONS count=5270000000 sid=191798 m=127 shapes=223183 eparts=447
EVALUATIONS count=5280000000 sid=90011 m=121 shapes=223183 eparts=447
EVALUATIONS count=5290000000 sid=219118 m=7 shapes=223183 eparts=447
EVALUATIONS count=5300000000 sid=220035 m=119 shapes=223183 eparts=447
EVALUATIONS count=5310000000 sid=43472 m=131 shapes=223183 eparts=447
EVALUATIONS count=5320000000 sid=219177 m=89 shapes=223183 eparts=447
EVALUATIONS count=5330000000 sid=219118 m=3 shapes=223183 eparts=447
EVALUATIONS count=5340000000 sid=220984 m=127 shapes=223183 eparts=447
EVALUATIONS count=5350000000 sid=2784 m=127 shapes=223183 eparts=447
EVALUATIONS count=5360000000 sid=220938 m=127 shapes=223183 eparts=447
EVALUATIONS count=5370000000 sid=12000 m=95 shapes=223183 eparts=447
EVALUATIONS count=5380000000 sid=24368 m=127 shapes=223183 eparts=447
EVALUATIONS count=5390000000 sid=222555 m=129 shapes=223183 eparts=447
EVALUATIONS count=5400000000 sid=220899 m=119 shapes=223183 eparts=447
EVALUATIONS count=5410000000 sid=204 m=127 shapes=223183 eparts=447
EVALUATIONS count=5420000000 sid=219472 m=113 shapes=223183 eparts=447
EVALUATIONS count=5430000000 sid=219213 m=101 shapes=223183 eparts=447
EVALUATIONS count=5440000000 sid=176955 m=121 shapes=223183 eparts=447
EVALUATIONS count=5450000000 sid=12434 m=103 shapes=223183 eparts=447
EVALUATIONS count=5460000000 sid=220985 m=127 shapes=223183 eparts=447
EVALUATIONS count=5470000000 sid=220905 m=121 shapes=223183 eparts=447
EVALUATIONS count=5480000000 sid=148212 m=127 shapes=223183 eparts=447
EVALUATIONS count=5490000000 sid=41047 m=127 shapes=223183 eparts=447
EVALUATIONS count=5500000000 sid=219570 m=103 shapes=223183 eparts=447
EVALUATIONS count=5510000000 sid=214094 m=127 shapes=223183 eparts=447
EVALUATIONS count=5520000000 sid=219476 m=103 shapes=223183 eparts=447
EVALUATIONS count=5530000000 sid=219118 m=3 shapes=223183 eparts=447
EVALUATIONS count=5540000000 sid=220511 m=101 shapes=223183 eparts=447
EVALUATIONS count=5550000000 sid=11995 m=43 shapes=223183 eparts=447
EVALUATIONS count=5560000000 sid=220898 m=113 shapes=223183 eparts=447
EVALUATIONS count=5570000000 sid=220981 m=115 shapes=223183 eparts=447
EVALUATIONS count=5580000000 sid=219490 m=111 shapes=223183 eparts=447
EVALUATIONS count=5590000000 sid=219230 m=101 shapes=223183 eparts=447
EVALUATIONS count=5600000000 sid=220982 m=117 shapes=223183 eparts=447
EVALUATIONS count=5610000000 sid=220228 m=111 shapes=223183 eparts=447
EVALUATIONS count=5620000000 sid=219470 m=103 shapes=223183 eparts=447
EVALUATIONS count=5630000000 sid=222141 m=109 shapes=223183 eparts=447
EVALUATIONS count=5640000000 sid=220903 m=121 shapes=223183 eparts=447
EVALUATIONS count=5650000000 sid=1884 m=133 shapes=223183 eparts=447
EVALUATIONS count=5660000000 sid=201934 m=127 shapes=223183 eparts=447
EVALUATIONS count=5670000000 sid=220511 m=101 shapes=223183 eparts=447
EVALUATIONS count=5680000000 sid=219578 m=109 shapes=223183 eparts=447
EVALUATIONS count=5690000000 sid=220237 m=117 shapes=223183 eparts=447
EVALUATIONS count=5700000000 sid=11995 m=49 shapes=223183 eparts=447
EVALUATIONS count=5710000000 sid=24350 m=127 shapes=223183 eparts=447
EVALUATIONS count=5720000000 sid=11995 m=37 shapes=223183 eparts=447
EVALUATIONS count=5730000000 sid=219821 m=127 shapes=223183 eparts=447
EVALUATIONS count=5740000000 sid=8580 m=121 shapes=223183 eparts=447
EVALUATIONS count=5750000000 sid=220918 m=121 shapes=223183 eparts=447
EVALUATIONS count=5760000000 sid=212500 m=127 shapes=223183 eparts=447
EVALUATIONS count=5770000000 sid=90861 m=129 shapes=223183 eparts=447
EVALUATIONS count=5780000000 sid=219985 m=129 shapes=223183 eparts=447
EVALUATIONS count=5790000000 sid=219213 m=101 shapes=223183 eparts=447
EVALUATIONS count=5800000000 sid=203 m=121 shapes=223183 eparts=447
EVALUATIONS count=5810000000 sid=18048 m=127 shapes=223183 eparts=447
EVALUATIONS count=5820000000 sid=221535 m=115 shapes=223183 eparts=447
EVALUATIONS count=5830000000 sid=215028 m=129 shapes=223183 eparts=447
EVALUATIONS count=5840000000 sid=175366 m=121 shapes=223183 eparts=447
EVALUATIONS count=5850000000 sid=213809 m=129 shapes=223183 eparts=447
EVALUATIONS count=5860000000 sid=67383 m=129 shapes=223183 eparts=447
EVALUATIONS count=5870000000 sid=195540 m=127 shapes=223183 eparts=447
EVALUATIONS count=5880000000 sid=67383 m=129 shapes=223183 eparts=447
EVALUATIONS count=5890000000 sid=219311 m=105 shapes=223183 eparts=447
EVALUATIONS count=5900000000 sid=90126 m=127 shapes=223183 eparts=447
EVALUATIONS count=5910000000 sid=97028 m=121 shapes=223183 eparts=447
EVALUATIONS count=5920000000 sid=219985 m=129 shapes=223183 eparts=447
EVALUATIONS count=5930000000 sid=220927 m=119 shapes=223183 eparts=447
EVALUATIONS count=5940000000 sid=221527 m=107 shapes=223183 eparts=447
EVALUATIONS count=5950000000 sid=1845 m=127 shapes=223183 eparts=447
EVALUATIONS count=5960000000 sid=189995 m=133 shapes=223183 eparts=447
EVALUATIONS count=5970000000 sid=162706 m=127 shapes=223183 eparts=447
EVALUATIONS count=5980000000 sid=220901 m=115 shapes=223183 eparts=447
EVALUATIONS count=5990000000 sid=222071 m=119 shapes=223183 eparts=447
EVALUATIONS count=6000000000 sid=219118 m=7 shapes=223183 eparts=447
EVALUATIONS count=6010000000 sid=163073 m=127 shapes=223183 eparts=447
EVALUATIONS count=6020000000 sid=222070 m=113 shapes=223183 eparts=447
EVALUATIONS count=6030000000 sid=94095 m=127 shapes=223183 eparts=447
EVALUATIONS count=6040000000 sid=26687 m=127 shapes=223183 eparts=447
EVALUATIONS count=6050000000 sid=189383 m=127 shapes=223183 eparts=447
EVALUATIONS count=6060000000 sid=197 m=121 shapes=223183 eparts=447
EVALUATIONS count=6070000000 sid=91906 m=127 shapes=223183 eparts=447
EVALUATIONS count=6080000000 sid=219472 m=109 shapes=223183 eparts=447
EVALUATIONS count=6090000000 sid=181316 m=127 shapes=223183 eparts=447
EVALUATIONS count=6100000000 sid=220220 m=111 shapes=223183 eparts=447
EVALUATIONS count=6110000000 sid=189256 m=127 shapes=223183 eparts=447
EVALUATIONS count=6120000000 sid=219472 m=109 shapes=223183 eparts=447
EVALUATIONS count=6130000000 sid=219578 m=109 shapes=223183 eparts=447
EVALUATIONS count=6140000000 sid=219137 m=95 shapes=223183 eparts=447
EVALUATIONS count=6150000000 sid=220371 m=111 shapes=223183 eparts=447
EVALUATIONS count=6160000000 sid=145142 m=127 shapes=223183 eparts=447
EVALUATIONS count=6170000000 sid=91903 m=127 shapes=223183 eparts=447
EVALUATIONS count=6180000000 sid=92795 m=123 shapes=223183 eparts=447
EVALUATIONS count=6190000000 sid=213801 m=129 shapes=223183 eparts=447
EVALUATIONS count=6200000000 sid=220985 m=127 shapes=223183 eparts=447
EVALUATIONS count=6210000000 sid=219224 m=117 shapes=223183 eparts=447
EVALUATIONS count=6220000000 sid=219118 m=7 shapes=223183 eparts=447
EVALUATIONS count=6230000000 sid=220322 m=121 shapes=223183 eparts=447
EVALUATIONS count=6240000000 sid=220899 m=119 shapes=223183 eparts=447
EVALUATIONS count=6250000000 sid=191156 m=127 shapes=223183 eparts=447
EVALUATIONS count=6260000000 sid=11995 m=53 shapes=223183 eparts=447
EVALUATIONS count=6270000000 sid=220228 m=111 shapes=223183 eparts=447
EVALUATIONS count=6280000000 sid=219337 m=101 shapes=223183 eparts=447
EVALUATIONS count=6290000000 sid=219118 m=3 shapes=223183 eparts=447
EVALUATIONS count=6300000000 sid=220888 m=109 shapes=223183 eparts=447
EVALUATIONS count=6310000000 sid=90634 m=127 shapes=223183 eparts=447
EVALUATIONS count=6320000000 sid=220989 m=127 shapes=223183 eparts=447
EVALUATIONS count=6330000000 sid=219120 m=95 shapes=223183 eparts=447
EVALUATIONS count=6340000000 sid=220976 m=111 shapes=223183 eparts=447
EVALUATIONS count=6350000000 sid=220933 m=127 shapes=223183 eparts=447
EVALUATIONS count=6360000000 sid=197 m=121 shapes=223183 eparts=447
EVALUATIONS count=6370000000 sid=220799 m=115 shapes=223183 eparts=447
EVALUATIONS count=6380000000 sid=220903 m=121 shapes=223183 eparts=447
EVALUATIONS count=6390000000 sid=220981 m=115 shapes=223183 eparts=447
EVALUATIONS count=6400000000 sid=190839 m=131 shapes=223183 eparts=447
EVALUATIONS count=6410000000 sid=25588 m=127 shapes=223183 eparts=447
EVALUATIONS count=6420000000 sid=219472 m=109 shapes=223183 eparts=447
EVALUATIONS count=6430000000 sid=160794 m=131 shapes=223183 eparts=447
EVALUATIONS count=6440000000 sid=219340 m=117 shapes=223183 eparts=447
EVALUATIONS count=6450000000 sid=12130 m=91 shapes=223183 eparts=447
EVALUATIONS count=6460000000 sid=24248 m=115 shapes=223183 eparts=447
EVALUATIONS count=6470000000 sid=91903 m=127 shapes=223183 eparts=447
EVALUATIONS count=6480000000 sid=197 m=121 shapes=223183 eparts=447
EVALUATIONS count=6490000000 sid=220899 m=119 shapes=223183 eparts=447
EVALUATIONS count=6500000000 sid=220988 m=127 shapes=223183 eparts=447
EVALUATIONS count=6510000000 sid=220893 m=109 shapes=223184 eparts=447
EVALUATIONS count=6520000000 sid=189687 m=121 shapes=223184 eparts=447
EVALUATIONS count=6530000000 sid=24386 m=129 shapes=223184 eparts=447
EVALUATIONS count=6540000000 sid=220981 m=119 shapes=223184 eparts=447
EVALUATIONS count=6550000000 sid=220985 m=127 shapes=223184 eparts=447
EVALUATIONS count=6560000000 sid=219203 m=105 shapes=223184 eparts=447
EVALUATIONS count=6570000000 sid=219472 m=109 shapes=223184 eparts=447
EVALUATIONS count=6580000000 sid=220982 m=117 shapes=223184 eparts=447
EVALUATIONS count=6590000000 sid=66431 m=123 shapes=223184 eparts=447
EVALUATIONS count=6600000000 sid=220999 m=127 shapes=223184 eparts=447
EVALUATIONS count=6610000000 sid=189194 m=131 shapes=223184 eparts=447
EVALUATIONS count=6620000000 sid=219177 m=89 shapes=223184 eparts=447
EVALUATIONS count=6630000000 sid=222237 m=133 shapes=223184 eparts=447
EVALUATIONS count=6640000000 sid=201 m=129 shapes=223184 eparts=447
EVALUATIONS count=6650000000 sid=220322 m=127 shapes=223184 eparts=447
EVALUATIONS count=6660000000 sid=24453 m=131 shapes=223184 eparts=447
EVALUATIONS count=6670000000 sid=220980 m=127 shapes=223184 eparts=447
EVALUATIONS count=6680000000 sid=24445 m=121 shapes=223184 eparts=447
EVALUATIONS count=6690000000 sid=219581 m=129 shapes=223184 eparts=447
EVALUATIONS count=6700000000 sid=220237 m=117 shapes=223184 eparts=447
EVALUATIONS count=6710000000 sid=94021 m=121 shapes=223184 eparts=447
EVALUATIONS count=6720000000 sid=222070 m=113 shapes=223184 eparts=447
EVALUATIONS count=6730000000 sid=219311 m=105 shapes=223184 eparts=447
EVALUATIONS count=6740000000 sid=24453 m=131 shapes=223184 eparts=447
EVALUATIONS count=6750000000 sid=174491 m=129 shapes=223184 eparts=447
EVALUATIONS count=6760000000 sid=173232 m=131 shapes=223184 eparts=447
EVALUATIONS count=6770000000 sid=204 m=127 shapes=223184 eparts=447
EVALUATIONS count=6780000000 sid=17892 m=127 shapes=223184 eparts=447
EVALUATIONS count=6790000000 sid=219177 m=89 shapes=223184 eparts=447
EVALUATIONS count=6800000000 sid=220371 m=115 shapes=223184 eparts=447
EVALUATIONS count=6810000000 sid=93141 m=123 shapes=223184 eparts=447
EVALUATIONS count=6820000000 sid=175213 m=121 shapes=223184 eparts=447
EVALUATIONS count=6830000000 sid=220020 m=129 shapes=223184 eparts=447
EVALUATIONS count=6840000000 sid=222034 m=121 shapes=223184 eparts=447
EVALUATIONS count=6850000000 sid=24635 m=121 shapes=223184 eparts=447
EVALUATIONS count=6860000000 sid=23981 m=129 shapes=223184 eparts=447
EVALUATIONS count=6870000000 sid=18194 m=121 shapes=223184 eparts=447
EVALUATIONS count=6880000000 sid=219324 m=105 shapes=223184 eparts=447
EVALUATIONS count=6890000000 sid=219177 m=89 shapes=223184 eparts=447
EVALUATIONS count=6900000000 sid=219208 m=113 shapes=223184 eparts=447
EVALUATIONS count=6910000000 sid=90337 m=121 shapes=223184 eparts=447
EVALUATIONS count=6920000000 sid=220233 m=127 shapes=223184 eparts=447
EVALUATIONS count=6930000000 sid=220716 m=125 shapes=223184 eparts=447
EVALUATIONS count=6940000000 sid=214086 m=121 shapes=223184 eparts=447
EVALUATIONS count=6950000000 sid=17892 m=127 shapes=223184 eparts=447
EVALUATIONS count=6960000000 sid=90855 m=129 shapes=223184 eparts=447
EVALUATIONS count=6970000000 sid=220240 m=127 shapes=223184 eparts=447
EVALUATIONS count=6980000000 sid=92684 m=121 shapes=223184 eparts=447
EVALUATIONS count=6990000000 sid=163164 m=129 shapes=223184 eparts=447
EVALUATIONS count=7000000000 sid=219980 m=119 shapes=223184 eparts=447
EVALUATIONS count=7010000000 sid=93693 m=131 shapes=223184 eparts=447
EVALUATIONS count=7020000000 sid=222115 m=119 shapes=223184 eparts=447
EVALUATIONS count=7030000000 sid=220236 m=111 shapes=223184 eparts=447
EVALUATIONS count=7040000000 sid=221610 m=117 shapes=223184 eparts=447
EVALUATIONS count=7050000000 sid=219554 m=131 shapes=223184 eparts=447
EVALUATIONS count=7060000000 sid=12305 m=115 shapes=223184 eparts=447
EVALUATIONS count=7070000000 sid=219177 m=89 shapes=223184 eparts=447
EVALUATIONS count=7080000000 sid=95159 m=131 shapes=223184 eparts=447
EVALUATIONS count=7090000000 sid=220942 m=127 shapes=223184 eparts=447
EVALUATIONS count=7100000000 sid=220972 m=119 shapes=223184 eparts=447
EVALUATIONS count=7110000000 sid=213802 m=129 shapes=223184 eparts=447
EVALUATIONS count=7120000000 sid=191778 m=129 shapes=223184 eparts=447
EVALUATIONS count=7130000000 sid=214411 m=125 shapes=223184 eparts=447
EVALUATIONS count=7140000000 sid=219202 m=101 shapes=223184 eparts=447
EVALUATIONS count=7150000000 sid=220980 m=127 shapes=223184 eparts=447
EVALUATIONS count=7160000000 sid=220496 m=119 shapes=223184 eparts=447
EVALUATIONS count=7170000000 sid=191140 m=127 shapes=223184 eparts=447
EVALUATIONS count=7180000000 sid=163164 m=129 shapes=223184 eparts=447
EVALUATIONS count=7190000000 sid=90122 m=127 shapes=223184 eparts=447
EVALUATIONS count=7200000000 sid=219350 m=123 shapes=223184 eparts=447
EVALUATIONS count=7210000000 sid=212558 m=127 shapes=223184 eparts=447
EVALUATIONS count=7220000000 sid=219137 m=95 shapes=223184 eparts=447
EVALUATIONS count=7230000000 sid=220993 m=127 shapes=223184 eparts=447
EVALUATIONS count=7240000000 sid=195572 m=129 shapes=223184 eparts=447
EVALUATIONS count=7250000000 sid=18048 m=127 shapes=223184 eparts=447
EVALUATIONS count=7260000000 sid=220371 m=111 shapes=223184 eparts=447
EVALUATIONS count=7270000000 sid=219568 m=133 shapes=223184 eparts=447
EVALUATIONS count=7280000000 sid=220511 m=101 shapes=223184 eparts=447
EVALUATIONS count=7290000000 sid=219208 m=113 shapes=223184 eparts=447
EVALUATIONS count=7300000000 sid=219205 m=91 shapes=223184 eparts=447
EVALUATIONS count=7310000000 sid=219177 m=89 shapes=223184 eparts=447
EVALUATIONS count=7320000000 sid=220934 m=115 shapes=223184 eparts=447
EVALUATIONS count=7330000000 sid=173534 m=127 shapes=223184 eparts=447
EVALUATIONS count=7340000000 sid=12209 m=115 shapes=223184 eparts=447
EVALUATIONS count=7350000000 sid=93195 m=121 shapes=223184 eparts=447
EVALUATIONS count=7360000000 sid=195720 m=131 shapes=223184 eparts=447
EVALUATIONS count=7370000000 sid=219472 m=113 shapes=223184 eparts=447
EVALUATIONS count=7380000000 sid=204 m=129 shapes=223184 eparts=447
EVALUATIONS count=7390000000 sid=221004 m=127 shapes=223184 eparts=447
EVALUATIONS count=7400000000 sid=219589 m=113 shapes=223184 eparts=447
EVALUATIONS count=7410000000 sid=173327 m=127 shapes=223184 eparts=447
EVALUATIONS count=7420000000 sid=191139 m=127 shapes=223184 eparts=447
EVALUATIONS count=7430000000 sid=219180 m=103 shapes=223184 eparts=447
EVALUATIONS count=7440000000 sid=93195 m=121 shapes=223184 eparts=447
EVALUATIONS count=7450000000 sid=219538 m=107 shapes=223184 eparts=447
EVALUATIONS count=7460000000 sid=220982 m=117 shapes=223184 eparts=447
EVALUATIONS count=7470000000 sid=92684 m=121 shapes=223184 eparts=447
EVALUATIONS count=7480000000 sid=219223 m=115 shapes=223184 eparts=447
EVALUATIONS count=7490000000 sid=25588 m=127 shapes=223184 eparts=447
EVALUATIONS count=7500000000 sid=213809 m=129 shapes=223184 eparts=447
EVALUATIONS count=7510000000 sid=12000 m=95 shapes=223184 eparts=447
EVALUATIONS count=7520000000 sid=220240 m=127 shapes=223184 eparts=447
EVALUATIONS count=7530000000 sid=220982 m=117 shapes=223184 eparts=447
EVALUATIONS count=7540000000 sid=222166 m=133 shapes=223184 eparts=447
EVALUATIONS count=7550000000 sid=25588 m=127 shapes=223184 eparts=447
EVALUATIONS count=7560000000 sid=189688 m=121 shapes=223184 eparts=447
EVALUATIONS count=7570000000 sid=220917 m=115 shapes=223184 eparts=447
EVALUATIONS count=7580000000 sid=220899 m=119 shapes=223184 eparts=447
EVALUATIONS count=7590000000 sid=219118 m=7 shapes=223184 eparts=447
EVALUATIONS count=7600000000 sid=222051 m=129 shapes=223184 eparts=447
EVALUATIONS count=7610000000 sid=213465 m=121 shapes=223184 eparts=447
EVALUATIONS count=7620000000 sid=219205 m=101 shapes=223184 eparts=447
EVALUATIONS count=7630000000 sid=219189 m=101 shapes=223184 eparts=447
EVALUATIONS count=7640000000 sid=162743 m=129 shapes=223184 eparts=447
EVALUATIONS count=7650000000 sid=222052 m=129 shapes=223184 eparts=447
EVALUATIONS count=7660000000 sid=220887 m=109 shapes=223184 eparts=447
EVALUATIONS count=7670000000 sid=219120 m=95 shapes=223184 eparts=447
EVALUATIONS count=7680000000 sid=220178 m=107 shapes=223184 eparts=447
EVALUATIONS count=7690000000 sid=220944 m=127 shapes=223184 eparts=447
EVALUATIONS count=7700000000 sid=11995 m=31 shapes=223184 eparts=447
EVALUATIONS count=7710000000 sid=219612 m=123 shapes=223184 eparts=447
EVALUATIONS count=7720000000 sid=67495 m=127 shapes=223184 eparts=447
EVALUATIONS count=7730000000 sid=220977 m=113 shapes=223184 eparts=447
EVALUATIONS count=7740000000 sid=162706 m=127 shapes=223184 eparts=447
EVALUATIONS count=7750000000 sid=222131 m=131 shapes=223184 eparts=447
EVALUATIONS count=7760000000 sid=221414 m=121 shapes=223184 eparts=447
EVALUATIONS count=7770000000 sid=222147 m=121 shapes=223184 eparts=447
EVALUATIONS count=7780000000 sid=219472 m=109 shapes=223184 eparts=447
EVALUATIONS count=7790000000 sid=220980 m=127 shapes=223184 eparts=447
EVALUATIONS count=7800000000 sid=220897 m=105 shapes=223184 eparts=447
EVALUATIONS count=7810000000 sid=220371 m=111 shapes=223184 eparts=447
EVALUATIONS count=7820000000 sid=219818 m=117 shapes=223184 eparts=447
EVALUATIONS count=7830000000 sid=221051 m=117 shapes=223184 eparts=447
EVALUATIONS count=7840000000 sid=219337 m=101 shapes=223184 eparts=447
EVALUATIONS count=7850000000 sid=174491 m=129 shapes=223184 eparts=447
EVALUATIONS count=7860000000 sid=219470 m=103 shapes=223184 eparts=447
EVALUATIONS count=7870000000 sid=219570 m=103 shapes=223184 eparts=447
EVALUATIONS count=7880000000 sid=163187 m=133 shapes=223184 eparts=447
EVALUATIONS count=7890000000 sid=203 m=121 shapes=223184 eparts=447
EVALUATIONS count=7900000000 sid=219230 m=101 shapes=223184 eparts=447
EVALUATIONS count=7910000000 sid=221184 m=127 shapes=223184 eparts=447
EVALUATIONS count=7920000000 sid=220480 m=121 shapes=223184 eparts=447
EVALUATIONS count=7930000000 sid=173896 m=123 shapes=223184 eparts=447
EVALUATIONS count=7940000000 sid=220897 m=105 shapes=223184 eparts=447
EVALUATIONS count=7950000000 sid=219233 m=107 shapes=223184 eparts=447
EVALUATIONS count=7960000000 sid=214836 m=127 shapes=223184 eparts=447
EVALUATIONS count=7970000000 sid=220893 m=109 shapes=223184 eparts=447
EVALUATIONS count=7980000000 sid=219230 m=101 shapes=223184 eparts=447
EVALUATIONS count=7990000000 sid=204 m=129 shapes=223184 eparts=447
EVALUATIONS count=8000000000 sid=24390 m=129 shapes=223184 eparts=447
EVALUATIONS count=8010000000 sid=220899 m=119 shapes=223184 eparts=447
EVALUATIONS count=8020000000 sid=161435 m=131 shapes=223184 eparts=447
EVALUATIONS count=8030000000 sid=67383 m=129 shapes=223184 eparts=447
EVALUATIONS count=8040000000 sid=222119 m=117 shapes=223184 eparts=447
EVALUATIONS count=8050000000 sid=219584 m=115 shapes=223184 eparts=447
EVALUATIONS count=8060000000 sid=162260 m=121 shapes=223184 eparts=447
EVALUATIONS count=8070000000 sid=219118 m=3 shapes=223184 eparts=447
EVALUATIONS count=8080000000 sid=105184 m=127 shapes=223184 eparts=447
EVALUATIONS count=8090000000 sid=163190 m=127 shapes=223184 eparts=447
EVALUATIONS count=8100000000 sid=220896 m=121 shapes=223184 eparts=447
EVALUATIONS count=8110000000 sid=220307 m=127 shapes=223184 eparts=447
EVALUATIONS count=8120000000 sid=220979 m=127 shapes=223184 eparts=447
EVALUATIONS count=8130000000 sid=91735 m=129 shapes=223184 eparts=447
EVALUATIONS count=8140000000 sid=219230 m=101 shapes=223184 eparts=447
EVALUATIONS count=8150000000 sid=179481 m=121 shapes=223184 eparts=447
EVALUATIONS count=8160000000 sid=145142 m=127 shapes=223184 eparts=447
EVALUATIONS count=8170000000 sid=220976 m=111 shapes=223184 eparts=447
EVALUATIONS count=8180000000 sid=221014 m=127 shapes=223184 eparts=447
EVALUATIONS count=8190000000 sid=219205 m=91 shapes=223184 eparts=447
EVALUATIONS count=8200000000 sid=219118 m=3 shapes=223184 eparts=447
EVALUATIONS count=8210000000 sid=200260 m=121 shapes=223184 eparts=447
EVALUATIONS count=8220000000 sid=219978 m=109 shapes=223184 eparts=447
EVALUATIONS count=8230000000 sid=219173 m=93 shapes=223184 eparts=447
EVALUATIONS count=8240000000 sid=220998 m=117 shapes=223184 eparts=447
EVALUATIONS count=8250000000 sid=219578 m=117 shapes=223184 eparts=447
EVALUATIONS count=8260000000 sid=220240 m=127 shapes=223184 eparts=447
EVALUATIONS count=8270000000 sid=8580 m=121 shapes=223184 eparts=447
EVALUATIONS count=8280000000 sid=220897 m=105 shapes=223184 eparts=447
EVALUATIONS count=8290000000 sid=220236 m=111 shapes=223184 eparts=447
EVALUATIONS count=8300000000 sid=219137 m=95 shapes=223184 eparts=447
EVALUATIONS count=8310000000 sid=195572 m=129 shapes=223184 eparts=447
EVALUATIONS count=8320000000 sid=222121 m=131 shapes=223184 eparts=447
EVALUATIONS count=8330000000 sid=90011 m=121 shapes=223184 eparts=447
EVALUATIONS count=8340000000 sid=219118 m=7 shapes=223184 eparts=447
EVALUATIONS count=8350000000 sid=191778 m=129 shapes=223184 eparts=447
EVALUATIONS count=8360000000 sid=219985 m=129 shapes=223184 eparts=447
EVALUATIONS count=8370000000 sid=220771 m=119 shapes=223184 eparts=447
EVALUATIONS count=8380000000 sid=93139 m=123 shapes=223184 eparts=447
EVALUATIONS count=8390000000 sid=17892 m=127 shapes=223184 eparts=447
EVALUATIONS count=8400000000 sid=12187 m=127 shapes=223184 eparts=447
EVALUATIONS count=8410000000 sid=220977 m=113 shapes=223184 eparts=447
EVALUATIONS count=8420000000 sid=212292 m=127 shapes=223184 eparts=447
EVALUATIONS count=8430000000 sid=219118 m=7 shapes=223184 eparts=447
EVALUATIONS count=8440000000 sid=219398 m=103 shapes=223184 eparts=447
EVALUATIONS count=8450000000 sid=219118 m=7 shapes=223184 eparts=447
EVALUATIONS count=8460000000 sid=220963 m=127 shapes=223185 eparts=447
EVALUATIONS count=8470000000 sid=220714 m=125 shapes=223185 eparts=447
EVALUATIONS count=8480000000 sid=204 m=129 shapes=223185 eparts=447
EVALUATIONS count=8490000000 sid=219472 m=113 shapes=223185 eparts=447
EVALUATIONS count=8500000000 sid=91901 m=127 shapes=223185 eparts=447
EVALUATIONS count=8510000000 sid=222370 m=133 shapes=223185 eparts=447
EVALUATIONS count=8520000000 sid=204 m=127 shapes=223185 eparts=447
EVALUATIONS count=8530000000 sid=219230 m=101 shapes=223185 eparts=447
EVALUATIONS count=8540000000 sid=195572 m=129 shapes=223185 eparts=447
EVALUATIONS count=8550000000 sid=219213 m=101 shapes=223185 eparts=447
EVALUATIONS count=8560000000 sid=204 m=127 shapes=223185 eparts=447
EVALUATIONS count=8570000000 sid=191139 m=127 shapes=223185 eparts=447
EVALUATIONS count=8580000000 sid=202059 m=129 shapes=223185 eparts=447
EVALUATIONS count=8590000000 sid=219985 m=131 shapes=223185 eparts=447
EVALUATIONS count=8600000000 sid=90169 m=127 shapes=223185 eparts=447
EVALUATIONS count=8610000000 sid=219472 m=109 shapes=223185 eparts=447
EVALUATIONS count=8620000000 sid=220898 m=119 shapes=223185 eparts=447
EVALUATIONS count=8630000000 sid=221027 m=127 shapes=223185 eparts=447
EVALUATIONS count=8640000000 sid=222023 m=129 shapes=223185 eparts=447
EVALUATIONS count=8650000000 sid=219579 m=115 shapes=223185 eparts=447
EVALUATIONS count=8660000000 sid=222018 m=107 shapes=223185 eparts=447
EVALUATIONS count=8670000000 sid=1884 m=133 shapes=223185 eparts=447
EVALUATIONS count=8680000000 sid=219190 m=105 shapes=223185 eparts=447
EVALUATIONS count=8690000000 sid=219472 m=109 shapes=223185 eparts=447
EVALUATIONS count=8700000000 sid=11995 m=21 shapes=223185 eparts=447
EVALUATIONS count=8710000000 sid=220234 m=129 shapes=223185 eparts=447
EVALUATIONS count=8720000000 sid=219578 m=109 shapes=223185 eparts=447
EVALUATIONS count=8730000000 sid=220902 m=121 shapes=223185 eparts=447
EVALUATIONS count=8740000000 sid=219208 m=113 shapes=223185 eparts=447
EVALUATIONS count=8750000000 sid=222035 m=129 shapes=223185 eparts=447
EVALUATIONS count=8760000000 sid=91906 m=127 shapes=223185 eparts=447
EVALUATIONS count=8770000000 sid=188390 m=131 shapes=223185 eparts=447
EVALUATIONS count=8780000000 sid=145142 m=127 shapes=223185 eparts=447
EVALUATIONS count=8790000000 sid=221231 m=127 shapes=223185 eparts=447
EVALUATIONS count=8800000000 sid=12493 m=123 shapes=223185 eparts=447
EVALUATIONS count=8810000000 sid=219479 m=111 shapes=223185 eparts=447
EVALUATIONS count=8820000000 sid=11995 m=37 shapes=223185 eparts=447
EVALUATIONS count=8830000000 sid=219488 m=123 shapes=223185 eparts=447
EVALUATIONS count=8840000000 sid=219324 m=105 shapes=223185 eparts=447
EVALUATIONS count=8850000000 sid=213802 m=129 shapes=223185 eparts=447
EVALUATIONS count=8860000000 sid=220934 m=115 shapes=223185 eparts=447
EVALUATIONS count=8870000000 sid=219470 m=103 shapes=223185 eparts=447
EVALUATIONS count=8880000000 sid=11996 m=81 shapes=223185 eparts=447
EVALUATIONS count=8890000000 sid=12493 m=123 shapes=223185 eparts=447
EVALUATIONS count=8900000000 sid=175395 m=127 shapes=223185 eparts=447
EVALUATIONS count=8910000000 sid=90122 m=131 shapes=223185 eparts=447
EVALUATIONS count=8920000000 sid=11995 m=21 shapes=223185 eparts=447
EVALUATIONS count=8930000000 sid=11995 m=31 shapes=223185 eparts=447
EVALUATIONS count=8940000000 sid=96008 m=127 shapes=223185 eparts=447
EVALUATIONS count=8950000000 sid=220236 m=111 shapes=223185 eparts=447
EVALUATIONS count=8960000000 sid=162728 m=127 shapes=223185 eparts=447
EVALUATIONS count=8970000000 sid=66923 m=121 shapes=223185 eparts=447
EVALUATIONS count=8980000000 sid=219201 m=95 shapes=223185 eparts=447
EVALUATIONS count=8990000000 sid=220979 m=127 shapes=223185 eparts=447
EVALUATIONS count=9000000000 sid=221180 m=127 shapes=223185 eparts=447
EVALUATIONS count=9010000000 sid=220979 m=127 shapes=223185 eparts=447
EVALUATIONS count=9020000000 sid=222369 m=133 shapes=223185 eparts=447
EVALUATIONS count=9030000000 sid=93283 m=129 shapes=223185 eparts=447
EVALUATIONS count=9040000000 sid=191899 m=127 shapes=223185 eparts=447
EVALUATIONS count=9050000000 sid=219119 m=89 shapes=223185 eparts=447
EVALUATIONS count=9060000000 sid=24386 m=129 shapes=223185 eparts=447
EVALUATIONS count=9070000000 sid=220233 m=127 shapes=223185 eparts=447
EVALUATIONS count=9080000000 sid=220984 m=127 shapes=223185 eparts=447
EVALUATIONS count=9090000000 sid=221011 m=117 shapes=223185 eparts=447
EVALUATIONS count=9100000000 sid=219472 m=109 shapes=223185 eparts=447
EVALUATIONS count=9110000000 sid=189246 m=129 shapes=223185 eparts=447
EVALUATIONS count=9120000000 sid=161799 m=127 shapes=223185 eparts=447
EVALUATIONS count=9130000000 sid=220307 m=127 shapes=223185 eparts=447
EVALUATIONS count=9140000000 sid=220236 m=111 shapes=223185 eparts=447
EVALUATIONS count=9150000000 sid=220981 m=115 shapes=223185 eparts=447
EVALUATIONS count=9160000000 sid=220900 m=127 shapes=223185 eparts=447
EVALUATIONS count=9170000000 sid=93138 m=123 shapes=223185 eparts=447
EVALUATIONS count=9180000000 sid=204 m=127 shapes=223185 eparts=447
EVALUATIONS count=9190000000 sid=189202 m=123 shapes=223185 eparts=447
EVALUATIONS count=9200000000 sid=219177 m=89 shapes=223185 eparts=447
EVALUATIONS count=9210000000 sid=220977 m=113 shapes=223185 eparts=447
EVALUATIONS count=9220000000 sid=18806 m=121 shapes=223185 eparts=447
EVALUATIONS count=9230000000 sid=17892 m=127 shapes=223185 eparts=447
EVALUATIONS count=9240000000 sid=154191 m=121 shapes=223185 eparts=447
EVALUATIONS count=9250000000 sid=220015 m=119 shapes=223185 eparts=447
EVALUATIONS count=9260000000 sid=12187 m=127 shapes=223185 eparts=447
EVALUATIONS count=9270000000 sid=199852 m=123 shapes=223185 eparts=447
EVALUATIONS count=9280000000 sid=220898 m=113 shapes=223185 eparts=447
EVALUATIONS count=9290000000 sid=219203 m=105 shapes=223185 eparts=447
EVALUATIONS count=9300000000 sid=222118 m=111 shapes=223185 eparts=447
EVALUATIONS count=9310000000 sid=219584 m=115 shapes=223185 eparts=447
EVALUATIONS count=9320000000 sid=220931 m=117 shapes=223185 eparts=447
EVALUATIONS count=9330000000 sid=163038 m=121 shapes=223185 eparts=447
EVALUATIONS count=9340000000 sid=220897 m=105 shapes=223185 eparts=447
EVALUATIONS count=9350000000 sid=11995 m=37 shapes=223185 eparts=447
EVALUATIONS count=9360000000 sid=220236 m=111 shapes=223185 eparts=447
EVALUATIONS count=9370000000 sid=219118 m=3 shapes=223185 eparts=447
EVALUATIONS count=9380000000 sid=90861 m=129 shapes=223185 eparts=447
EVALUATIONS count=9390000000 sid=219380 m=107 shapes=223185 eparts=447
EVALUATIONS count=9400000000 sid=222074 m=121 shapes=223185 eparts=447
EVALUATIONS count=9410000000 sid=220765 m=127 shapes=223185 eparts=447
EVALUATIONS count=9420000000 sid=67351 m=127 shapes=223185 eparts=447
EVALUATIONS count=9430000000 sid=219161 m=109 shapes=223185 eparts=447
EVALUATIONS count=9440000000 sid=212241 m=127 shapes=223185 eparts=447
EVALUATIONS count=9450000000 sid=90861 m=129 shapes=223185 eparts=447
EVALUATIONS count=9460000000 sid=219985 m=129 shapes=223185 eparts=447
EVALUATIONS count=9470000000 sid=220979 m=127 shapes=223185 eparts=447
EVALUATIONS count=9480000000 sid=220980 m=127 shapes=223185 eparts=447
EVALUATIONS count=9490000000 sid=12189 m=127 shapes=223185 eparts=447
EVALUATIONS count=9500000000 sid=220892 m=103 shapes=223185 eparts=447
EVALUATIONS count=9510000000 sid=219233 m=107 shapes=223185 eparts=447
EVALUATIONS count=9520000000 sid=212792 m=123 shapes=223185 eparts=447
EVALUATIONS count=9530000000 sid=220901 m=115 shapes=223185 eparts=447
EVALUATIONS count=9540000000 sid=220941 m=127 shapes=223185 eparts=447
EVALUATIONS count=9550000000 sid=220714 m=125 shapes=223185 eparts=447
EVALUATIONS count=9560000000 sid=219229 m=127 shapes=223185 eparts=447
EVALUATIONS count=9570000000 sid=219268 m=107 shapes=223185 eparts=447
EVALUATIONS count=9580000000 sid=219118 m=7 shapes=223185 eparts=447
EVALUATIONS count=9590000000 sid=219118 m=7 shapes=223185 eparts=447
EVALUATIONS count=9600000000 sid=222133 m=131 shapes=223185 eparts=447
EVALUATIONS count=9610000000 sid=219177 m=89 shapes=223185 eparts=447
EVALUATIONS count=9620000000 sid=220980 m=127 shapes=223185 eparts=447
EVALUATIONS count=9630000000 sid=219369 m=107 shapes=223185 eparts=447
EVALUATIONS count=9640000000 sid=18194 m=121 shapes=223185 eparts=447
EVALUATIONS count=9650000000 sid=199360 m=127 shapes=223185 eparts=447
EVALUATIONS count=9660000000 sid=42936 m=127 shapes=223185 eparts=447
EVALUATIONS count=9670000000 sid=166378 m=127 shapes=223185 eparts=447
EVALUATIONS count=9680000000 sid=219324 m=105 shapes=223185 eparts=447
EVALUATIONS count=9690000000 sid=212292 m=127 shapes=223185 eparts=447
EVALUATIONS count=9700000000 sid=204 m=129 shapes=223185 eparts=447
EVALUATIONS count=9710000000 sid=219758 m=107 shapes=223185 eparts=447
EVALUATIONS count=9720000000 sid=221188 m=121 shapes=223185 eparts=447
EVALUATIONS count=9730000000 sid=12311 m=127 shapes=223185 eparts=447
EVALUATIONS count=9740000000 sid=67351 m=125 shapes=223185 eparts=447
EVALUATIONS count=9750000000 sid=220981 m=115 shapes=223185 eparts=447
EVALUATIONS count=9760000000 sid=204 m=131 shapes=223185 eparts=447
EVALUATIONS count=9770000000 sid=219565 m=125 shapes=223185 eparts=447
EVALUATIONS count=9780000000 sid=25588 m=127 shapes=223185 eparts=447
EVALUATIONS count=9790000000 sid=160871 m=129 shapes=223185 eparts=447
EVALUATIONS count=9800000000 sid=204 m=127 shapes=223185 eparts=447
EVALUATIONS count=9810000000 sid=181316 m=127 shapes=223185 eparts=447
EVALUATIONS count=9820000000 sid=220736 m=117 shapes=223185 eparts=447
EVALUATIONS count=9830000000 sid=220897 m=105 shapes=223185 eparts=447
EVALUATIONS count=9840000000 sid=67495 m=127 shapes=223185 eparts=447
EVALUATIONS count=9850000000 sid=219818 m=117 shapes=223185 eparts=447
EVALUATIONS count=9860000000 sid=24697 m=127 shapes=223185 eparts=447
EVALUATIONS count=9870000000 sid=219177 m=89 shapes=223185 eparts=447
EVALUATIONS count=9880000000 sid=212241 m=127 shapes=223185 eparts=447
EVALUATIONS count=9890000000 sid=220892 m=103 shapes=223185 eparts=447
EVALUATIONS count=9900000000 sid=191900 m=127 shapes=223185 eparts=447
EVALUATIONS count=9910000000 sid=222070 m=113 shapes=223185 eparts=447
EVALUATIONS count=9920000000 sid=219538 m=107 shapes=223185 eparts=447
EVALUATIONS count=9930000000 sid=219119 m=89 shapes=223185 eparts=447
EVALUATIONS count=9940000000 sid=12036 m=93 shapes=223185 eparts=447
EVALUATIONS count=9950000000 sid=219799 m=117 shapes=223185 eparts=447
EVALUATIONS count=9960000000 sid=214880 m=131 shapes=223185 eparts=447
EVALUATIONS count=9970000000 sid=219470 m=103 shapes=223185 eparts=447
EVALUATIONS count=9980000000 sid=219223 m=115 shapes=223185 eparts=447
EVALUATIONS count=9990000000 sid=220899 m=119 shapes=223185 eparts=447
EVALUATIONS count=10000000000 sid=220578 m=111 shapes=223185 eparts=447
EVALUATIONS count=10010000000 sid=89871 m=131 shapes=223185 eparts=447
EVALUATIONS count=10020000000 sid=220392 m=117 shapes=223185 eparts=447
EVALUATIONS count=10030000000 sid=189383 m=127 shapes=223185 eparts=447
EVALUATIONS count=10040000000 sid=195572 m=129 shapes=223185 eparts=447
EVALUATIONS count=10050000000 sid=176758 m=121 shapes=223185 eparts=447
EVALUATIONS count=10060000000 sid=11995 m=17 shapes=223185 eparts=447
EVALUATIONS count=10070000000 sid=220241 m=129 shapes=223185 eparts=447
EVALUATIONS count=10080000000 sid=219213 m=101 shapes=223185 eparts=447
EVALUATIONS count=10090000000 sid=150400 m=121 shapes=223185 eparts=447
EVALUATIONS count=10100000000 sid=175213 m=121 shapes=223185 eparts=447
EVALUATIONS count=10110000000 sid=220981 m=115 shapes=223185 eparts=447
EVALUATIONS count=10120000000 sid=189687 m=121 shapes=223185 eparts=447
EVALUATIONS count=10130000000 sid=191927 m=121 shapes=223185 eparts=447
EVALUATIONS count=10140000000 sid=199161 m=127 shapes=223185 eparts=447
EVALUATIONS count=10150000000 sid=195425 m=127 shapes=223185 eparts=447
EVALUATIONS count=10160000000 sid=220241 m=129 shapes=223185 eparts=447
EVALUATIONS count=10170000000 sid=220985 m=127 shapes=223185 eparts=447
EVALUATIONS count=10180000000 sid=94510 m=133 shapes=223185 eparts=447
EVALUATIONS count=10190000000 sid=221184 m=127 shapes=223185 eparts=447
EVALUATIONS count=10200000000 sid=145142 m=127 shapes=223185 eparts=447
EVALUATIONS count=10210000000 sid=176955 m=121 shapes=223185 eparts=447
EVALUATIONS count=10220000000 sid=219311 m=105 shapes=223185 eparts=447
EVALUATIONS count=10230000000 sid=91906 m=127 shapes=223185 eparts=447
EVALUATIONS count=10240000000 sid=67351 m=127 shapes=223185 eparts=447
EVALUATIONS count=10250000000 sid=220001 m=121 shapes=223185 eparts=447
EVALUATIONS count=10260000000 sid=220897 m=105 shapes=223185 eparts=447
EVALUATIONS count=10270000000 sid=67519 m=121 shapes=223185 eparts=447
EVALUATIONS count=10280000000 sid=145142 m=127 shapes=223185 eparts=447
EVALUATIONS count=10290000000 sid=219997 m=111 shapes=223185 eparts=447
EVALUATIONS count=10300000000 sid=219118 m=7 shapes=223185 eparts=447
EVALUATIONS count=10310000000 sid=220989 m=127 shapes=223185 eparts=447
EVALUATIONS count=10320000000 sid=219197 m=107 shapes=223185 eparts=447
EVALUATIONS count=10330000000 sid=220979 m=131 shapes=223185 eparts=447
EVALUATIONS count=10340000000 sid=91906 m=127 shapes=223185 eparts=447
EVALUATIONS count=10350000000 sid=219158 m=99 shapes=223185 eparts=447
EVALUATIONS count=10360000000 sid=145142 m=127 shapes=223185 eparts=447
EVALUATIONS count=10370000000 sid=11996 m=61 shapes=223185 eparts=447
EVALUATIONS count=10380000000 sid=94095 m=127 shapes=223185 eparts=447
EVALUATIONS count=10390000000 sid=67519 m=127 shapes=223185 eparts=447
EVALUATIONS count=10400000000 sid=219471 m=105 shapes=223185 eparts=447
EVALUATIONS count=10410000000 sid=220990 m=117 shapes=223185 eparts=447
EVALUATIONS count=10420000000 sid=12585 m=111 shapes=223185 eparts=447
EVALUATIONS count=10430000000 sid=219555 m=125 shapes=223185 eparts=447
EVALUATIONS count=10440000000 sid=219217 m=107 shapes=223185 eparts=447
EVALUATIONS count=10450000000 sid=220912 m=121 shapes=223185 eparts=447
EVALUATIONS count=10460000000 sid=220897 m=105 shapes=223185 eparts=447
EVALUATIONS count=10470000000 sid=145085 m=121 shapes=223185 eparts=447
EVALUATIONS count=10480000000 sid=220900 m=121 shapes=223185 eparts=447
EVALUATIONS count=10490000000 sid=220715 m=125 shapes=223185 eparts=447
EVALUATIONS count=10500000000 sid=220917 m=115 shapes=223185 eparts=447
EVALUATIONS count=10510000000 sid=222057 m=111 shapes=223185 eparts=447
EVALUATIONS count=10520000000 sid=219570 m=103 shapes=223185 eparts=447
EVALUATIONS count=10530000000 sid=219311 m=105 shapes=223185 eparts=447
EVALUATIONS count=10540000000 sid=163164 m=129 shapes=223185 eparts=447
EVALUATIONS count=10550000000 sid=91901 m=131 shapes=223185 eparts=447
EVALUATIONS count=10560000000 sid=1845 m=127 shapes=223185 eparts=447
EVALUATIONS count=10570000000 sid=24449 m=131 shapes=223185 eparts=447
EVALUATIONS count=10580000000 sid=220893 m=109 shapes=223185 eparts=447
EVALUATIONS count=10590000000 sid=17892 m=127 shapes=223185 eparts=447
EVALUATIONS count=10600000000 sid=220979 m=127 shapes=223185 eparts=447
EVALUATIONS count=10610000000 sid=17892 m=127 shapes=223185 eparts=447
EVALUATIONS count=10620000000 sid=220893 m=109 shapes=223185 eparts=447
EVALUATIONS count=10630000000 sid=67495 m=127 shapes=223185 eparts=447
EVALUATIONS count=10640000000 sid=220241 m=129 shapes=223185 eparts=447
EVALUATIONS count=10650000000 sid=220979 m=127 shapes=223185 eparts=447
EVALUATIONS count=10660000000 sid=219539 m=109 shapes=223185 eparts=447
EVALUATIONS count=10670000000 sid=162706 m=127 shapes=223185 eparts=447
EVALUATIONS count=10680000000 sid=91901 m=127 shapes=223185 eparts=447
EVALUATIONS count=10690000000 sid=195572 m=129 shapes=223185 eparts=447
EVALUATIONS count=10700000000 sid=220903 m=121 shapes=223185 eparts=447
EVALUATIONS count=10710000000 sid=220903 m=121 shapes=223185 eparts=447
EVALUATIONS count=10720000000 sid=219230 m=101 shapes=223185 eparts=447
EVALUATIONS count=10730000000 sid=24390 m=129 shapes=223185 eparts=447
EVALUATIONS count=10740000000 sid=221451 m=127 shapes=223185 eparts=447
EVALUATIONS count=10750000000 sid=220241 m=129 shapes=223185 eparts=447
EVALUATIONS count=10760000000 sid=219976 m=131 shapes=223185 eparts=447
EVALUATIONS count=10770000000 sid=204 m=127 shapes=223185 eparts=447
EVALUATIONS count=10780000000 sid=219985 m=129 shapes=223185 eparts=447
EVALUATIONS count=10790000000 sid=213809 m=129 shapes=223185 eparts=447
EVALUATIONS count=10800000000 sid=222034 m=121 shapes=223185 eparts=447
EVALUATIONS count=10810000000 sid=24698 m=129 shapes=223185 eparts=447
EVALUATIONS count=10820000000 sid=219983 m=121 shapes=223185 eparts=447
EVALUATIONS count=10830000000 sid=204 m=127 shapes=223185 eparts=447
EVALUATIONS count=10840000000 sid=17892 m=127 shapes=223185 eparts=447
EVALUATIONS count=10850000000 sid=189201 m=123 shapes=223185 eparts=447
EVALUATIONS count=10860000000 sid=90948 m=133 shapes=223185 eparts=447
EVALUATIONS count=10870000000 sid=221001 m=127 shapes=223185 eparts=447
EVALUATIONS count=10880000000 sid=220529 m=121 shapes=223185 eparts=447
EVALUATIONS count=10890000000 sid=195572 m=129 shapes=223185 eparts=447
EVALUATIONS count=10900000000 sid=11995 m=43 shapes=223185 eparts=447
EVALUATIONS count=10910000000 sid=222018 m=107 shapes=223185 eparts=447
EVALUATIONS count=10920000000 sid=162609 m=127 shapes=223185 eparts=447
EVALUATIONS count=10930000000 sid=91901 m=127 shapes=223185 eparts=447
EVALUATIONS count=10940000000 sid=189257 m=127 shapes=223185 eparts=447
EVALUATIONS count=10950000000 sid=12313 m=127 shapes=223185 eparts=447
EVALUATIONS count=10960000000 sid=12434 m=103 shapes=223185 eparts=447
EVALUATIONS count=10970000000 sid=215028 m=129 shapes=223185 eparts=447
EVALUATIONS count=10980000000 sid=219217 m=107 shapes=223185 eparts=447
EVALUATIONS count=10990000000 sid=220897 m=105 shapes=223185 eparts=447
EVALUATIONS count=11000000000 sid=220480 m=121 shapes=223185 eparts=447
EVALUATIONS count=11010000000 sid=220766 m=127 shapes=223185 eparts=447
EVALUATIONS count=11020000000 sid=18208 m=121 shapes=223185 eparts=447
EVALUATIONS count=11030000000 sid=175366 m=121 shapes=223185 eparts=447
EVALUATIONS count=11040000000 sid=212241 m=127 shapes=223185 eparts=447
EVALUATIONS count=11050000000 sid=220944 m=127 shapes=223185 eparts=447
EVALUATIONS count=11060000000 sid=189690 m=121 shapes=223185 eparts=447
EVALUATIONS count=11070000000 sid=220236 m=111 shapes=223185 eparts=447
EVALUATIONS count=11080000000 sid=220496 m=119 shapes=223185 eparts=447
EVALUATIONS count=11090000000 sid=18048 m=127 shapes=223185 eparts=447
EVALUATIONS count=11100000000 sid=220686 m=127 shapes=223185 eparts=447
EVALUATIONS count=11110000000 sid=162706 m=127 shapes=223185 eparts=447
EVALUATIONS count=11120000000 sid=220898 m=113 shapes=223185 eparts=447
EVALUATIONS count=11130000000 sid=220236 m=111 shapes=223185 eparts=447
EVALUATIONS count=11140000000 sid=214392 m=127 shapes=223185 eparts=447
EVALUATIONS count=11150000000 sid=204 m=127 shapes=223185 eparts=447
EVALUATIONS count=11160000000 sid=220977 m=113 shapes=223185 eparts=447
EVALUATIONS count=11170000000 sid=212304 m=131 shapes=223185 eparts=447
EVALUATIONS count=11180000000 sid=219555 m=125 shapes=223185 eparts=447
EVALUATIONS count=11190000000 sid=220893 m=109 shapes=223185 eparts=447
EVALUATIONS count=11200000000 sid=24352 m=113 shapes=223185 eparts=447
EVALUATIONS count=11210000000 sid=93532 m=125 shapes=223185 eparts=447
EVALUATIONS count=11220000000 sid=24390 m=129 shapes=223185 eparts=447
EVALUATIONS count=11230000000 sid=220229 m=117 shapes=223185 eparts=447
EVALUATIONS count=11240000000 sid=91903 m=127 shapes=223185 eparts=447
EVALUATIONS count=11250000000 sid=220937 m=127 shapes=223185 eparts=447
EVALUATIONS count=11260000000 sid=220236 m=111 shapes=223185 eparts=447
EVALUATIONS count=11270000000 sid=220984 m=127 shapes=223185 eparts=447
EVALUATIONS count=11280000000 sid=222103 m=123 shapes=223185 eparts=447
EVALUATIONS count=11290000000 sid=213636 m=121 shapes=223185 eparts=447
EVALUATIONS count=11300000000 sid=219345 m=111 shapes=223185 eparts=447
EVALUATIONS count=11310000000 sid=220934 m=119 shapes=223185 eparts=447
EVALUATIONS count=11320000000 sid=24373 m=127 shapes=223185 eparts=447
EVALUATIONS count=11330000000 sid=219997 m=111 shapes=223185 eparts=447
EVALUATIONS count=11340000000 sid=220764 m=115 shapes=223185 eparts=447
EVALUATIONS count=11350000000 sid=18208 m=121 shapes=223185 eparts=447
EVALUATIONS count=11360000000 sid=204 m=127 shapes=223185 eparts=447
EVALUATIONS count=11370000000 sid=219976 m=129 shapes=223185 eparts=447
EVALUATIONS count=11380000000 sid=11997 m=79 shapes=223185 eparts=447
EVALUATIONS count=11390000000 sid=204 m=127 shapes=223185 eparts=447
EVALUATIONS count=11400000000 sid=67383 m=129 shapes=223185 eparts=447
EVALUATIONS count=11410000000 sid=191899 m=127 shapes=223185 eparts=447
EVALUATIONS count=11420000000 sid=91906 m=127 shapes=223185 eparts=447
EVALUATIONS count=11430000000 sid=220768 m=115 shapes=223185 eparts=447
EVALUATIONS count=11440000000 sid=220898 m=113 shapes=223185 eparts=447
EVALUATIONS count=11450000000 sid=11995 m=59 shapes=223185 eparts=447
EVALUATIONS count=11460000000 sid=220914 m=119 shapes=223185 eparts=447
EVALUATIONS count=11470000000 sid=220240 m=127 shapes=223185 eparts=447
EVALUATIONS count=11480000000 sid=219472 m=113 shapes=223185 eparts=447
EVALUATIONS count=11490000000 sid=219119 m=89 shapes=223185 eparts=447
EVALUATIONS count=11500000000 sid=25471 m=127 shapes=223185 eparts=447
EVALUATIONS count=11510000000 sid=8580 m=121 shapes=223185 eparts=447
EVALUATIONS count=11520000000 sid=220715 m=125 shapes=223185 eparts=447
EVALUATIONS count=11530000000 sid=204 m=127 shapes=223185 eparts=447
EVALUATIONS count=11540000000 sid=219177 m=89 shapes=223185 eparts=447
EVALUATIONS count=11550000000 sid=219818 m=117 shapes=223185 eparts=447
EVALUATIONS count=11560000000 sid=189246 m=129 shapes=223185 eparts=447
EVALUATIONS count=11570000000 sid=24595 m=127 shapes=223185 eparts=447
EVALUATIONS count=11580000000 sid=11996 m=61 shapes=223185 eparts=447
EVALUATIONS count=11590000000 sid=91903 m=127 shapes=223185 eparts=447
EVALUATIONS count=11600000000 sid=204 m=129 shapes=223185 eparts=447
EVALUATIONS count=11610000000 sid=204 m=129 shapes=223185 eparts=447
EVALUATIONS count=11620000000 sid=219311 m=105 shapes=223185 eparts=447
EVALUATIONS count=11630000000 sid=219540 m=109 shapes=223185 eparts=447
EVALUATIONS count=11640000000 sid=219463 m=113 shapes=223185 eparts=447
EVALUATIONS count=11650000000 sid=18194 m=121 shapes=223185 eparts=447
EVALUATIONS count=11660000000 sid=160573 m=125 shapes=223185 eparts=447
EVALUATIONS count=11670000000 sid=212241 m=127 shapes=223185 eparts=447
EVALUATIONS count=11680000000 sid=104562 m=127 shapes=223185 eparts=447
EVALUATIONS count=11690000000 sid=220229 m=117 shapes=223185 eparts=447
EVALUATIONS count=11700000000 sid=24025 m=127 shapes=223185 eparts=447
EVALUATIONS count=11710000000 sid=25588 m=127 shapes=223185 eparts=447
EVALUATIONS count=11720000000 sid=219564 m=121 shapes=223185 eparts=447
EVALUATIONS count=11730000000 sid=220480 m=121 shapes=223185 eparts=447
EVALUATIONS count=11740000000 sid=220989 m=127 shapes=223185 eparts=447
EVALUATIONS count=11750000000 sid=220714 m=125 shapes=223185 eparts=447
EVALUATIONS count=11760000000 sid=92598 m=127 shapes=223185 eparts=447
EVALUATIONS count=11770000000 sid=219985 m=131 shapes=223185 eparts=447
EVALUATIONS count=11780000000 sid=219177 m=89 shapes=223185 eparts=447
EVALUATIONS count=11790000000 sid=219540 m=113 shapes=223185 eparts=447
EVALUATIONS count=11800000000 sid=24370 m=127 shapes=223185 eparts=447
EVALUATIONS count=11810000000 sid=162260 m=121 shapes=223185 eparts=447
EVALUATIONS count=11820000000 sid=222148 m=121 shapes=223185 eparts=447
EVALUATIONS count=11830000000 sid=23798 m=127 shapes=223185 eparts=447
EVALUATIONS count=11840000000 sid=91903 m=127 shapes=223185 eparts=447
EVALUATIONS count=11850000000 sid=219380 m=107 shapes=223185 eparts=447
EVALUATIONS count=11860000000 sid=24371 m=111 shapes=223185 eparts=447
EVALUATIONS count=11870000000 sid=222103 m=123 shapes=223185 eparts=447
EVALUATIONS count=11880000000 sid=11995 m=45 shapes=223185 eparts=447
EVALUATIONS count=11890000000 sid=204 m=127 shapes=223185 eparts=447
EVALUATIONS count=11900000000 sid=219995 m=101 shapes=223185 eparts=447
EVALUATIONS count=11910000000 sid=219578 m=109 shapes=223185 eparts=447
EVALUATIONS count=11920000000 sid=11995 m=55 shapes=223185 eparts=447
EVALUATIONS count=11930000000 sid=219316 m=111 shapes=223185 eparts=447
EVALUATIONS count=11940000000 sid=181316 m=127 shapes=223185 eparts=447
EVALUATIONS count=11950000000 sid=220236 m=111 shapes=223185 eparts=447
EVALUATIONS count=11960000000 sid=174844 m=129 shapes=223185 eparts=447
EVALUATIONS count=11970000000 sid=219326 m=103 shapes=223185 eparts=447
EVALUATIONS count=11980000000 sid=220985 m=127 shapes=223185 eparts=447
EVALUATIONS count=11990000000 sid=220902 m=121 shapes=223185 eparts=447
EVALUATIONS count=12000000000 sid=91901 m=127 shapes=223185 eparts=447
EVALUATIONS count=12010000000 sid=220897 m=105 shapes=223185 eparts=447
EVALUATIONS count=12020000000 sid=11996 m=61 shapes=223185 eparts=447
EVALUATIONS count=12030000000 sid=220713 m=121 shapes=223185 eparts=447
EVALUATIONS count=12040000000 sid=219380 m=107 shapes=223185 eparts=447
EVALUATIONS count=12050000000 sid=219118 m=7 shapes=223185 eparts=447
EVALUATIONS count=12060000000 sid=11995 m=23 shapes=223185 eparts=447
EVALUATIONS count=12070000000 sid=219118 m=7 shapes=223185 eparts=447
EVALUATIONS count=12080000000 sid=219644 m=117 shapes=223185 eparts=447
EVALUATIONS count=12090000000 sid=204 m=127 shapes=223185 eparts=447
EVALUATIONS count=12100000000 sid=219217 m=107 shapes=223185 eparts=447
EVALUATIONS count=12110000000 sid=172742 m=127 shapes=223185 eparts=447
EVALUATIONS count=12120000000 sid=219119 m=95 shapes=223185 eparts=447
EVALUATIONS count=12130000000 sid=189194 m=131 shapes=223185 eparts=447
EVALUATIONS count=12140000000 sid=2300 m=129 shapes=223185 eparts=447
EVALUATIONS count=12150000000 sid=195573 m=129 shapes=223185 eparts=447
EVALUATIONS count=12160000000 sid=219230 m=101 shapes=223185 eparts=447
EVALUATIONS count=12170000000 sid=220763 m=129 shapes=223185 eparts=447
EVALUATIONS count=12180000000 sid=220892 m=103 shapes=223185 eparts=447
EVALUATIONS count=12190000000 sid=24345 m=127 shapes=223185 eparts=447
EVALUATIONS count=12200000000 sid=220252 m=127 shapes=223185 eparts=447
EVALUATIONS count=12210000000 sid=219564 m=121 shapes=223185 eparts=447
EVALUATIONS count=12220000000 sid=26685 m=127 shapes=223185 eparts=447
EVALUATIONS count=12230000000 sid=219213 m=101 shapes=223185 eparts=447
EVALUATIONS count=12240000000 sid=220917 m=115 shapes=223185 eparts=447
EVALUATIONS count=12250000000 sid=67495 m=127 shapes=223185 eparts=447
EVALUATIONS count=12260000000 sid=67495 m=127 shapes=223185 eparts=447
EVALUATIONS count=12270000000 sid=11995 m=11 shapes=223185 eparts=447
EVALUATIONS count=12280000000 sid=11995 m=19 shapes=223185 eparts=447
EVALUATIONS count=12290000000 sid=222023 m=129 shapes=223185 eparts=447
EVALUATIONS count=12300000000 sid=220977 m=113 shapes=223185 eparts=447
EVALUATIONS count=12310000000 sid=220972 m=119 shapes=223185 eparts=447
EVALUATIONS count=12320000000 sid=220893 m=109 shapes=223185 eparts=447
EVALUATIONS count=12330000000 sid=24355 m=121 shapes=223185 eparts=447
EVALUATIONS count=12340000000 sid=185734 m=121 shapes=223185 eparts=447
EVALUATIONS count=12350000000 sid=220371 m=111 shapes=223185 eparts=447
EVALUATIONS count=12360000000 sid=204 m=129 shapes=223185 eparts=447
EVALUATIONS count=12370000000 sid=67495 m=127 shapes=223185 eparts=447
EVALUATIONS count=12380000000 sid=214837 m=127 shapes=223185 eparts=447
EVALUATIONS count=12390000000 sid=11995 m=53 shapes=223185 eparts=447
EVALUATIONS count=12400000000 sid=220991 m=127 shapes=223185 eparts=447
EVALUATIONS count=12410000000 sid=219570 m=103 shapes=223185 eparts=447
EVALUATIONS count=12420000000 sid=220496 m=123 shapes=223185 eparts=447
EVALUATIONS count=12430000000 sid=220991 m=127 shapes=223185 eparts=447
EVALUATIONS count=12440000000 sid=220903 m=121 shapes=223185 eparts=447
EVALUATIONS count=12450000000 sid=221053 m=117 shapes=223185 eparts=447
EVALUATIONS count=12460000000 sid=220284 m=117 shapes=223185 eparts=447
EVALUATIONS count=12470000000 sid=93138 m=123 shapes=223185 eparts=447
ROW-CHECKPOINT saved path=sylver/move26_data/periodicity_x.cache.rowstate active_n=409 scanned_to=407 shapes=223185 eparts=447 evaluations=12473707518
