PROVE P 16,26,54,60,62
PROVE N 2
PROVE P 2,3
PROVE N 3,16,26
PROVE N 4,26
PROVE P 4,6
PROVE N 5,16,54
PROVE N 6,16,26
PROVE N 7,16,26
PROVE N 8,26,54
PROVE P 8,20,26
PROVE N 3,8
PROVE N 5,8
PROVE N 7,8,20,26
PROVE N 8,9,20
PROVE P 8,10,22
PROVE N 8,11,20,26
PROVE P 8,12,26,30
PROVE P 8,9,14,20
PROVE N 8,15,20,26
PROVE P 8,11,18,20
PROVE N 8,19,20,26
PROVE P 8,13,20,22
PROVE P 8,20,26,30,49
PROVE P 8,20,21,26,38
PROVE N 9,16,26
PROVE N 10,16,54
PROVE P 10,16,24
PROVE N 3,10
PROVE N 7,10,16
PROVE N 9,10,16,24
PROVE N 10,11,16,24
PROVE P 10,12,16,31
PROVE P 10,11,14,16
PROVE P 10,11,16,18,24
PROVE N 10,16,19,24
PROVE P 5,16,24,28
PROVE P 10,16,24,38,47
PROVE N 11,16,26,62
PROVE N 12,16,26
PROVE P 12,14,16
PROVE N 3,14,16
PROVE N 5,12,14,16
PROVE P 6,7,16
PROVE P 8,10,12,14
PROVE N 9,12,14,16
PROVE N 11,12,14,16
PROVE N 12,14,16,17
PROVE P 12,14,16,18,27
PROVE P 12,14,16,20,73
PROVE P 12,14,16,22,47
PROVE P 12,14,16,21,34
PROVE N 14,16,26
PROVE N 15,16,26,54
PROVE N 16,17,26,54,62
PROVE N 16,18,26
PROVE P 5,16,18
PROVE N 16,19,26,60,62
PROVE N 16,20,26,54
PROVE N 16,22,26,62
FOUND 16,22,26,62 15
PROVE P 15,16,22,26
PROVE N 16,23,26,54,60
PROVE N 16,24,26,54,60,62
PROVE N 16,25,26,54,60,62
PROVE N 16,26,28,62
FOUND 16,26,28,62 25
PROVE P 16,25,26,28,62
PROVE N 16,26,30,54
FOUND 16,26,30,54 47
PROVE P 16,26,30,47,54
PROVE N 16,26,33,54,60,62
PROVE N 16,26,34,54,62
FOUND 16,26,34,54,62 167
PROVE P 16,26,34,54,62,167
PROVE N 16,26,36,54,60
FOUND 16,26,36,54,60 23
PROVE P 16,23,26,36,54,60
PROVE N 16,26,38,60,62
FOUND 16,26,38,60,62 77
PROVE P 16,26,38,60,62,77
PROVE N 16,26,40,54,60,62
FOUND 16,26,40,54,60,62 11
PROVE P 11,16,26,40
PROVE N 16,26,41,54,60,62
PROVE N 16,26,44,54,62
FOUND 16,26,44,54,62 19
PROVE P 16,19,26,44,62
PROVE N 16,26,46,54,60
FOUND 16,26,46,54,60 25
PROVE P 16,25,26,46,54,60
PROVE N 16,26,49,54,60,62
PROVE N 16,26,50,54,60,62
FOUND 16,26,50,54,60,62 57
PROVE P 16,26,50,54,57,60,62
PROVE N 16,26,54,56,60,62
FOUND 16,26,54,56,60,62 91
PROVE P 16,26,54,56,60,62,91
PROVE N 16,26,54,60,62,66
FOUND 16,26,54,60,62,66 31
PROVE P 16,26,31,54,60,66
PROVE N 16,26,54,60,62,72
FOUND 16,26,54,60,62,72 13
PROVE P 13,16,54,60,62,72
PROVE N 16,26,54,60,62,82
FOUND 16,26,54,60,62,82 71
PROVE P 16,26,54,60,62,71,82
PROVE N 16,26,54,60,62,98
FOUND 16,26,54,60,62,98 27
PROVE P 16,26,27,60,62,98
CERTIFIED 16,26,54,60,62 P 119 facts
