C = (16, 28, 38, 40) even obligations: [2, 4, 6, 8, 10, 12, 14, 18, 20, 22, 24, 26, 30, 34, 36, 42, 46, 50, 52, 58, 62, 74, 90]
e'=2: D=(2,) long; skipped
e'=4: D=(4, 38) odd-complete (8); even 8/9 refuted; 1 open; open: [(6, 'is a known P-position')]
e'=6: D=(6, 16) N (odd obligation 7 wins)
e'=8: D=(8, 28, 38) N (odd obligation 17 wins)
e'=10: D=(10, 16, 28) long; skipped
e'=12: D=(12, 16, 38) N (odd obligation 23 wins)
e'=14: D=(14, 16, 38, 40) long; skipped
e'=18: D=(16, 18, 28, 38, 40) long; skipped
e'=20: D=(16, 20, 28, 38) long; skipped
e'=22: D=(16, 22, 28, 40) odd-complete (11); even 17/19 refuted; 2 open; open: [(10, 'short, odd-complete'), (12, 'is a known P-position')]
e'=24: D=(16, 24, 28, 38) N (odd obligation 5 wins)
e'=26: D=(16, 26, 28, 38, 40) long; skipped
e'=30: D=(16, 28, 30, 38, 40) long; skipped
e'=34: D=(16, 28, 34, 38, 40) long; skipped
e'=36: D=(16, 28, 36, 38, 40) long; skipped
e'=42: D=(16, 28, 38, 40, 42) long; skipped
e'=46: D=(16, 28, 38, 40, 46) long; skipped
e'=50: D=(16, 28, 38, 40, 50) long; skipped
e'=52: D=(16, 28, 38, 40, 52) long; skipped
e'=58: D=(16, 28, 38, 40, 58) long; skipped
e'=62: D=(16, 28, 38, 40, 62) long; skipped
e'=74: D=(16, 28, 38, 40, 74) long; skipped
e'=90: D=(16, 28, 38, 40, 90) long; skipped
