{"obligation": 3, "kind": "odd", "reply": 2, "via": "finite", "destination": "2,3", "seconds": 0.5, "frobenius": 1, "states": 1}
{"obligation": 5, "kind": "odd", "reply": 17, "via": "finite", "destination": "5,16,17,28", "seconds": 0.3, "frobenius": 29, "states": 38}
{"obligation": 7, "kind": "odd", "reply": 6, "via": "finite", "destination": "6,7,16", "seconds": 0.2, "frobenius": 17, "states": 21}
{"obligation": 9, "kind": "odd", "reply": 10, "via": "finite", "destination": "9,10,16", "seconds": 0.1, "frobenius": 33, "states": 213}
{"obligation": 11, "kind": "odd", "reply": 18, "via": "finite", "destination": "11,16,18,28", "seconds": 0.0, "frobenius": 53, "states": 1199}
{"obligation": 13, "kind": "odd", "reply": 27, "via": "finite", "destination": "13,16,27,28,38", "seconds": 0.1, "frobenius": 63, "states": 6163}
{"obligation": 15, "kind": "odd", "reply": 27, "via": "finite", "destination": "15,16,27,28,38,40", "seconds": 0.1, "frobenius": 52, "states": 7583}
{"obligation": 17, "kind": "odd", "reply": 5, "via": "finite", "destination": "5,16,17,28", "seconds": 0.0, "frobenius": 29, "states": 38}
{"obligation": 21, "kind": "odd", "reply": 25, "via": "finite", "destination": "16,21,25,28,38,40", "seconds": 0.0, "frobenius": 55, "states": 25530}
{"obligation": 23, "kind": "odd", "reply": 12, "via": "finite", "destination": "12,16,23,38", "seconds": 0.0, "frobenius": 65, "states": 6595}
{"obligation": 25, "kind": "odd", "reply": 21, "via": "finite", "destination": "16,21,25,28,38,40", "seconds": 0.0, "frobenius": 55, "states": 25530}
{"obligation": 29, "kind": "odd", "reply": 46, "via": "finite", "destination": "16,28,29,38,40,46", "seconds": 2.7, "frobenius": 81, "states": 248369}
{"obligation": 31, "kind": "odd", "reply": 30, "via": "finite", "destination": "16,28,30,31,38,40", "seconds": 0.8, "frobenius": 83, "states": 145062}
{"obligation": 37, "kind": "odd", "reply": 30, "via": "finite", "destination": "16,28,30,37,38,40", "seconds": 5.8, "frobenius": 89, "states": 246403}
{"obligation": 45, "kind": "odd", "reply": 39, "via": "finite", "destination": "16,28,38,39,40,45", "seconds": 4.5, "frobenius": 97, "states": 503510}
{"obligation": 2, "kind": "even", "reply": 3, "via": "finite", "destination": "2,3", "seconds": 0.0, "frobenius": 1, "states": 1}
{"obligation": 4, "kind": "even", "reply": 6, "via": "C", "destination": "4,6"}
{"obligation": 6, "kind": "even", "reply": 4, "via": "C", "destination": "4,6"}
{"obligation": 8, "kind": "even", "reply": 14, "via": "E", "destination": "8,14"}
{"obligation": 10, "kind": "even", "reply": 9, "via": "finite", "destination": "9,10,16", "seconds": 0.0, "frobenius": 33, "states": 213}
{"obligation": 12, "kind": "even", "reply": 14, "via": "F", "destination": "12,14,16"}
{"obligation": 14, "kind": "even", "reply": 8, "via": "E", "destination": "8,14"}
{"obligation": 18, "kind": "even", "reply": 5, "via": "finite", "destination": "5,16,18", "seconds": 0.0, "frobenius": 29, "states": 50}
{"obligation": 20, "kind": "even", "reply": 26, "via": "J", "destination": "16,20,26,28,38"}
{"obligation": 22, "kind": "even", "reply": 12, "via": "P0", "destination": "12,16,22"}
{"obligation": 24, "kind": "even", "reply": 5, "via": "finite", "destination": "5,16,24,28", "seconds": 0.0, "frobenius": 27, "states": 55}
{"obligation": 26, "kind": "even", "reply": 20, "via": "J", "destination": "16,20,26,28,38"}
{"obligation": 30, "kind": "even", "reply": 11, "via": "finite", "destination": "11,16,28,30,40", "seconds": 0.0, "frobenius": 53, "states": 2778}
{"obligation": 34, "kind": "even", "reply": 33, "via": "finite", "destination": "16,28,33,34,38,40", "seconds": 0.3, "frobenius": 91, "states": 222790}
{"obligation": 36, "kind": "even", "reply": 21, "via": "finite", "destination": "16,21,28,36,38,40", "seconds": 0.1, "frobenius": 83, "states": 61338}
{"obligation": 42, "kind": "even", "reply": 31, "via": "finite", "destination": "16,28,31,38,40,42", "seconds": 1.8, "frobenius": 83, "states": 281858}
{"obligation": 46, "kind": "even", "reply": 29, "via": "finite", "destination": "16,28,29,38,40,46", "seconds": 0.4, "frobenius": 81, "states": 248369}
{"obligation": 50, "kind": "even", "reply": 45, "via": "finite", "destination": "16,28,38,40,45,50", "seconds": 3.2, "frobenius": 119, "states": 1035678}
{"obligation": 52, "kind": "even", "reply": 105, "via": "finite", "destination": "16,28,38,40,52,105", "seconds": 36.1, "frobenius": 179, "states": 5550414}
{"obligation": 58, "kind": "even", "reply": 131, "via": "finite", "destination": "16,28,38,40,58,131", "seconds": 47.5, "frobenius": 193, "states": 7069380}
{"obligation": 62, "kind": "even", "reply": 41, "via": "finite", "destination": "16,28,38,40,41,62", "seconds": 9.7, "frobenius": 115, "states": 998549}
{"obligation": 74, "kind": "even", "reply": 71, "via": "finite", "destination": "16,28,38,40,71,74", "seconds": 21.5, "frobenius": 133, "states": 3918870}
{"obligation": 90, "kind": "even", "reply": 89, "via": "finite", "destination": "16,28,38,40,89,90", "seconds": 55.1, "frobenius": 163, "states": 6121163}
largest destinations: [(58, 131, '7,069,380'), (90, 89, '6,121,163'), (52, 105, '5,550,414'), (74, 71, '3,918,870'), (50, 45, '1,035,678'), (62, 41, '998,549'), (45, 39, '503,510'), (42, 31, '281,858')]
