kunz_solver: sweep stopped during move=109 (memo holds 1700019445 states)
kunz_solver: memo entries=1700019445 slots=2387748629 bytes=40591726693
	Command being timed: "./kunz --threads 8 --stop-at-p --max-states 1700000000 --memo-stats --odd-list 109 16 38"
	User time (seconds): 9849.84
	System time (seconds): 62.85
	Percent of CPU this job got: 699%
	Elapsed (wall clock) time (h:mm:ss or m:ss): 23:37.96
	Average shared text size (kbytes): 0
	Average unshared data size (kbytes): 0
	Average stack size (kbytes): 0
	Average total size (kbytes): 0
	Maximum resident set size (kbytes): 39765628
	Average resident set size (kbytes): 0
	Major (requiring I/O) page faults: 0
	Minor (reclaiming a frame) page faults: 29024224
	Voluntary context switches: 8936
	Involuntary context switches: 1770699
	Swaps: 0
	File system inputs: 0
	File system outputs: 8
	Socket messages sent: 0
	Socket messages received: 0
	Signals delivered: 0
	Page size (bytes): 4096
	Exit status: 0
