kunz_solver: sweep stopped during move=125 (memo holds 1700018008 states)
kunz_solver: memo entries=1700018008 slots=2387748629 bytes=40591726693
	Command being timed: "./kunz --threads 8 --stop-at-p --max-states 1700000000 --memo-stats --odd-list 125 16 38"
	User time (seconds): 8827.33
	System time (seconds): 58.11
	Percent of CPU this job got: 759%
	Elapsed (wall clock) time (h:mm:ss or m:ss): 19:30.67
	Average shared text size (kbytes): 0
	Average unshared data size (kbytes): 0
	Average stack size (kbytes): 0
	Average total size (kbytes): 0
	Maximum resident set size (kbytes): 39764152
	Average resident set size (kbytes): 0
	Major (requiring I/O) page faults: 0
	Minor (reclaiming a frame) page faults: 29024407
	Voluntary context switches: 7492
	Involuntary context switches: 1121496
	Swaps: 0
	File system inputs: 0
	File system outputs: 8
	Socket messages sent: 0
	Socket messages received: 0
	Signals delivered: 0
	Page size (bytes): 4096
	Exit status: 0
