kunz_solver: sweep stopped during move=117 (memo holds 1700016116 states)
kunz_solver: memo entries=1700016116 slots=2387748629 bytes=40591726693
	Command being timed: "./kunz --threads 8 --stop-at-p --max-states 1700000000 --memo-stats --odd-list 117 16 38"
	User time (seconds): 8705.36
	System time (seconds): 57.37
	Percent of CPU this job got: 771%
	Elapsed (wall clock) time (h:mm:ss or m:ss): 18:55.86
	Average shared text size (kbytes): 0
	Average unshared data size (kbytes): 0
	Average stack size (kbytes): 0
	Average total size (kbytes): 0
	Maximum resident set size (kbytes): 39765312
	Average resident set size (kbytes): 0
	Major (requiring I/O) page faults: 1
	Minor (reclaiming a frame) page faults: 29026155
	Voluntary context switches: 7982
	Involuntary context switches: 985547
	Swaps: 0
	File system inputs: 32
	File system outputs: 8
	Socket messages sent: 0
	Socket messages received: 0
	Signals delivered: 0
	Page size (bytes): 4096
	Exit status: 0
