kunz_solver: sweep stopped during move=117 (memo holds 2100024670 states)
kunz_solver: memo entries=2100024670 slots=2968925294 bytes=50471729998
	Command being timed: "./kunz --threads 8 --stop-at-p --max-states 2100000000 --memo-stats --odd-list 117 16 38"
	User time (seconds): 16231.98
	System time (seconds): 93.87
	Percent of CPU this job got: 599%
	Elapsed (wall clock) time (h:mm:ss or m:ss): 45:21.41
	Average shared text size (kbytes): 0
	Average unshared data size (kbytes): 0
	Average stack size (kbytes): 0
	Average total size (kbytes): 0
	Maximum resident set size (kbytes): 49413772
	Average resident set size (kbytes): 0
	Major (requiring I/O) page faults: 6
	Minor (reclaiming a frame) page faults: 36237900
	Voluntary context switches: 8764
	Involuntary context switches: 4755434
	Swaps: 0
	File system inputs: 440
	File system outputs: 8
	Socket messages sent: 0
	Socket messages received: 0
	Signals delivered: 0
	Page size (bytes): 4096
	Exit status: 0
