kunz_solver: memo entries=128506802 slots=180663592 bytes=3071281064
	Command being timed: "./kunz --threads 8 --stop-at-p --max-states 1700000000 --memo-stats --odd-list 101 16 38"
	User time (seconds): 416.37
	System time (seconds): 4.55
	Percent of CPU this job got: 767%
	Elapsed (wall clock) time (h:mm:ss or m:ss): 0:54.85
	Average shared text size (kbytes): 0
	Average unshared data size (kbytes): 0
	Average stack size (kbytes): 0
	Average total size (kbytes): 0
	Maximum resident set size (kbytes): 3094772
	Average resident set size (kbytes): 0
	Major (requiring I/O) page faults: 0
	Minor (reclaiming a frame) page faults: 1841314
	Voluntary context switches: 6404
	Involuntary context switches: 58432
	Swaps: 0
	File system inputs: 0
	File system outputs: 16
	Socket messages sent: 0
	Socket messages received: 0
	Signals delivered: 0
	Page size (bytes): 4096
	Exit status: 0
