kunz_solver: sweep stopped during move=125 (memo holds 2100013954 states)
kunz_solver: memo entries=2100013954 slots=2970682490 bytes=50501602330
	Command being timed: "./kunz --threads 8 --stop-at-p --max-states 2100000000 --memo-stats --odd-list 125 16 38"
	User time (seconds): 13974.35
	System time (seconds): 86.06
	Percent of CPU this job got: 671%
	Elapsed (wall clock) time (h:mm:ss or m:ss): 34:52.41
	Average shared text size (kbytes): 0
	Average unshared data size (kbytes): 0
	Average stack size (kbytes): 0
	Average total size (kbytes): 0
	Maximum resident set size (kbytes): 49450224
	Average resident set size (kbytes): 0
	Major (requiring I/O) page faults: 15
	Minor (reclaiming a frame) page faults: 36258801
	Voluntary context switches: 7913
	Involuntary context switches: 3207272
	Swaps: 0
	File system inputs: 744
	File system outputs: 8
	Socket messages sent: 0
	Socket messages received: 0
	Signals delivered: 0
	Page size (bytes): 4096
	Exit status: 0
