kunz_solver: sweep stopped during move=109 (memo holds 2100015814 states)
kunz_solver: memo entries=2100015814 slots=2970096758 bytes=50491644886
	Command being timed: "./kunz --threads 8 --stop-at-p --max-states 2100000000 --memo-stats --odd-list 109 16 38"
	User time (seconds): 13824.89
	System time (seconds): 83.03
	Percent of CPU this job got: 645%
	Elapsed (wall clock) time (h:mm:ss or m:ss): 35:55.62
	Average shared text size (kbytes): 0
	Average unshared data size (kbytes): 0
	Average stack size (kbytes): 0
	Average total size (kbytes): 0
	Maximum resident set size (kbytes): 49439816
	Average resident set size (kbytes): 0
	Major (requiring I/O) page faults: 4
	Minor (reclaiming a frame) page faults: 36252916
	Voluntary context switches: 10086
	Involuntary context switches: 3016972
	Swaps: 0
	File system inputs: 400
	File system outputs: 8
	Socket messages sent: 0
	Socket messages received: 0
	Signals delivered: 0
	Page size (bytes): 4096
	Exit status: 0
