C = (16, 38, 56, 60, 74) even moves: [2, 6, 4, 10, 14, 12, 18, 8, 26, 28, 34, 20, 24, 30, 36, 42, 46, 52, 68, 84, 22, 40, 44, 50, 62, 100, 58, 66, 78, 82]
e'=2: D=(2,) long; skipped
e'=6: D=(6, 16) N (odd obligation 7 wins)
e'=4: D=(4, 38) odd-complete (8); even 8/9 refuted; 1 open; open: [(6, 'is a known P-position')]
e'=10: D=(10, 16, 38) long; skipped
e'=14: D=(14, 16, 38) long; skipped
e'=12: D=(12, 16, 38) N (odd obligation 23 wins)
e'=18: D=(16, 18, 38, 60) long; skipped
e'=8: D=(8, 38, 60, 74) long; skipped
e'=26: D=(16, 26, 38, 56, 60) long; skipped
e'=28: D=(16, 28, 38, 74) long; skipped
e'=34: D=(16, 34, 38, 56, 60, 74) long; skipped
e'=20: D=(16, 20, 38) N (odd obligation 13 wins)
e'=24: D=(16, 24, 38, 60, 74) long; skipped
e'=30: D=(16, 30, 38, 56, 74) long; skipped
e'=36: D=(16, 36, 38, 56, 60) long; skipped
e'=42: D=(16, 38, 42, 56, 60) long; skipped
e'=46: D=(16, 38, 46, 56, 60, 74) long; skipped
e'=52: D=(16, 38, 52, 56, 60, 74) long; skipped
e'=68: D=(16, 38, 56, 60, 68, 74) long; skipped
e'=84: D=(16, 38, 56, 60, 74, 84) long; skipped
e'=22: D=(16, 22, 56, 74) long; skipped
e'=40: D=(16, 38, 40, 60, 74) long; skipped
e'=44: D=(16, 38, 44, 56, 74) long; skipped
e'=50: D=(16, 38, 50, 56, 60, 74) long; skipped
e'=62: D=(16, 38, 56, 60, 62, 74) long; skipped
e'=100: D=(16, 38, 56, 60, 74, 100) long; skipped
e'=58: D=(16, 38, 56, 58, 60) long; skipped
e'=66: D=(16, 38, 56, 60, 66, 74) long; skipped
e'=78: D=(16, 38, 56, 60, 74, 78) long; skipped
e'=82: D=(16, 38, 56, 60, 74, 82) long; skipped
