C = (16, 38, 68, 72) even moves: [2, 6, 4, 10, 14, 12, 18, 22, 20, 26, 30, 28, 34, 44, 50, 60, 66, 82, 98, 8, 24, 36, 40, 42, 46, 52, 56, 58, 62, 74, 78, 90, 94]
e'=2: D=(2,) long; skipped
e'=6: D=(6, 16) N (odd obligation 7 wins)
e'=4: D=(4, 38) odd-complete (8); even 8/9 refuted; 1 open; open: [(6, 'is a known P-position')]
e'=10: D=(10, 16, 38) long; skipped
e'=14: D=(14, 16, 38) long; skipped
e'=12: D=(12, 16, 38) N (odd obligation 23 wins)
e'=18: D=(16, 18, 38) long; skipped
e'=22: D=(16, 22, 68, 72) long; skipped
e'=20: D=(16, 20, 38) N (odd obligation 13 wins)
e'=26: D=(16, 26, 38, 72) long; skipped
e'=30: D=(16, 30, 38, 72) long; skipped
e'=28: D=(16, 28, 38, 68) long; skipped
e'=34: D=(16, 34, 38) long; skipped
e'=44: D=(16, 38, 44, 68, 72) long; skipped
e'=50: D=(16, 38, 50, 68, 72) long; skipped
e'=60: D=(16, 38, 60, 68, 72) long; skipped
e'=66: D=(16, 38, 66, 68, 72) long; skipped
e'=82: D=(16, 38, 68, 72, 82) long; skipped
e'=98: D=(16, 38, 68, 72, 98) long; skipped
e'=8: D=(8, 38, 68) odd-complete (16); even 22/25 refuted; 3 open; open: [(12, 'short, odd-complete'), (14, 'is a known P-position'), (34, 'open after 200 odd')]
e'=24: D=(16, 24, 38, 68) long; skipped
e'=36: D=(16, 36, 38) long; skipped
e'=40: D=(16, 38, 40, 68) long; skipped
e'=42: D=(16, 38, 42, 68, 72) long; skipped
e'=46: D=(16, 38, 46, 68, 72) long; skipped
e'=52: D=(16, 38, 52, 72) long; skipped
e'=56: D=(16, 38, 56, 68) long; skipped
e'=58: D=(16, 38, 58, 68, 72) long; skipped
e'=62: D=(16, 38, 62, 68, 72) long; skipped
e'=74: D=(16, 38, 68, 72, 74) long; skipped
e'=78: D=(16, 38, 68, 72, 78) long; skipped
e'=90: D=(16, 38, 68, 72, 90) long; skipped
e'=94: D=(16, 38, 68, 72, 94) long; skipped
