C = (16, 38, 72, 78) even moves: [2, 6, 4, 10, 14, 12, 18, 20, 26, 30, 28, 34, 36, 42, 52, 68, 58, 74, 90, 106, 8, 22, 44, 46, 50, 84, 122, 24, 60, 62, 66, 100, 138, 40, 56, 82, 98]
e'=2: D=(2,) long; skipped
e'=6: D=(6, 16) N (odd obligation 7 wins)
e'=4: D=(4, 38) odd-complete (8); even 8/9 refuted; 1 open; open: [(6, 'is a known P-position')]
e'=10: D=(10, 16, 38) long; skipped
e'=14: D=(14, 16, 38) long; skipped
e'=12: D=(12, 16, 38) N (odd obligation 23 wins)
e'=18: D=(16, 18, 38, 78) long; skipped
e'=20: D=(16, 20, 38) N (odd obligation 13 wins)
e'=26: D=(16, 26, 38, 72) long; skipped
e'=30: D=(16, 30, 38, 72) long; skipped
e'=28: D=(16, 28, 38, 78) long; skipped
e'=34: D=(16, 34, 38, 78) long; skipped
e'=36: D=(16, 36, 38, 78) long; skipped
e'=42: D=(16, 38, 42, 72, 78) long; skipped
e'=52: D=(16, 38, 52, 72, 78) long; skipped
e'=68: D=(16, 38, 68, 72, 78) long; skipped
e'=58: D=(16, 38, 58, 72, 78) long; skipped
e'=74: D=(16, 38, 72, 74, 78) long; skipped
e'=90: D=(16, 38, 72, 78, 90) long; skipped
e'=106: D=(16, 38, 72, 78, 106) long; skipped
e'=8: D=(8, 38) odd-complete (17); even 24/27 refuted; 3 open; open: [(12, 'short, odd-complete'), (14, 'is a known P-position'), (34, 'open after 200 odd')]
e'=22: D=(16, 22, 72, 78) long; skipped
e'=44: D=(16, 38, 44, 72, 78) long; skipped
e'=46: D=(16, 38, 46, 72) long; skipped
e'=50: D=(16, 38, 50, 72, 78) long; skipped
e'=84: D=(16, 38, 72, 78, 84) long; skipped
e'=122: D=(16, 38, 72, 78, 122) long; skipped
e'=24: D=(16, 24, 38) odd-complete (19); even 29/31 refuted; 2 open; open: [(44, 'is a known P-position'), (52, 'short, odd-complete')]
e'=60: D=(16, 38, 60, 72, 78) long; skipped
e'=62: D=(16, 38, 62, 72) long; skipped
e'=66: D=(16, 38, 66, 72, 78) long; skipped
e'=100: D=(16, 38, 72, 78, 100) long; skipped
e'=138: D=(16, 38, 72, 78, 138) long; skipped
e'=40: D=(16, 38, 40) odd-complete (21); even 34/35 refuted; 1 open; open: [(28, 'is a known P-position')]
e'=56: D=(16, 38, 56, 78) long; skipped
e'=82: D=(16, 38, 72, 78, 82) N (odd obligation 29 wins)
e'=98: D=(16, 38, 72, 78, 98) long; skipped
