C = (16, 38, 56, 60) even obligations: [2, 4, 6, 8, 10, 12, 14, 18, 20, 22, 24, 26, 28, 30, 34, 36, 40, 42, 44, 46, 50, 52, 58, 62, 66, 68, 74, 78, 82, 84, 90, 100, 106, 122, 138]
e'=2: D=(2,) long; skipped
e'=4: D=(4, 38) odd-complete (8); even 8/9 refuted; 1 open; open: [(6, 'is a known P-position')]
e'=6: D=(6, 16) N (odd obligation 7 wins)
e'=8: D=(8, 38, 60) odd-complete (15); even 21/23 refuted; 2 open; open: [(12, 'short, odd-complete'), (14, 'is a known P-position')]
e'=10: D=(10, 16, 38) long; skipped
e'=12: D=(12, 16, 38) N (odd obligation 23 wins)
e'=14: D=(14, 16, 38) long; skipped
e'=18: D=(16, 18, 38, 60) long; skipped
e'=20: D=(16, 20, 38) N (odd obligation 13 wins)
e'=22: D=(16, 22, 56) odd-complete (15); even 26/27 refuted; 1 open; open: [(12, 'is a known P-position')]
e'=24: D=(16, 24, 38, 60) odd-complete (17); even 26/27 refuted; 1 open; open: [(44, 'is a known P-position')]
e'=26: D=(16, 26, 38, 56, 60) long; skipped
e'=28: D=(16, 28, 38) odd-complete (17); even 26/27 refuted; 1 open; open: [(40, 'is a known P-position')]
e'=30: D=(16, 30, 38, 56) long; skipped
e'=34: D=(16, 34, 38, 56, 60) long; skipped
e'=36: D=(16, 36, 38, 56, 60) long; skipped
e'=40: D=(16, 38, 40, 60) odd-complete (19); even 30/31 refuted; 1 open; open: [(28, 'is a known P-position')]
e'=42: D=(16, 38, 42, 56, 60) long; skipped
e'=44: D=(16, 38, 44, 56) odd-complete (19); even 29/31 refuted; 2 open; open: [(24, 'is a known P-position'), (50, 'open after 200 odd')]
e'=46: D=(16, 38, 46, 56, 60) long; skipped
e'=50: D=(16, 38, 50, 56, 60) long; skipped
e'=52: D=(16, 38, 52, 56, 60) long; skipped
e'=58: D=(16, 38, 56, 58, 60) long; skipped
e'=62: D=(16, 38, 56, 60, 62) long; skipped
e'=66: D=(16, 38, 56, 60, 66) long; skipped
e'=68: D=(16, 38, 56, 60, 68) long; skipped
e'=74: D=(16, 38, 56, 60, 74) long; skipped
e'=78: D=(16, 38, 56, 60, 78) long; skipped
e'=82: D=(16, 38, 56, 60, 82) long; skipped
e'=84: D=(16, 38, 56, 60, 84) long; skipped
e'=90: D=(16, 38, 56, 60, 90) long; skipped
e'=100: D=(16, 38, 56, 60, 100) long; skipped
e'=106: D=(16, 38, 56, 60, 106) long; skipped
e'=122: D=(16, 38, 56, 60, 122) long; skipped
e'=138: D=(16, 38, 56, 60, 138) long; skipped
