09:15:27 start b28_58 (7,069,380 states, 1.3034197092056274 GiB cap)
09:15:27 start b28_90 (6,121,163 states, 1.162124365568161 GiB cap)
09:32:30 b28_90 done rc=0 1022s
09:32:30 start b28_52 (5,550,414 states, 1.0770761370658875 GiB cap)
09:35:25 b28_58 done rc=0 1197s
09:35:25 start b28_74 (3,918,870 states, 0.8339571356773376 GiB cap)
09:41:45 b28_74 done rc=0 380s
09:41:45 start b28_50 (1,035,678 states, 0.40432804822921753 GiB cap)
09:42:15 b28_52 done rc=0 585s
09:42:15 start b28_62 (998,549 states, 0.39879539608955383 GiB cap)
09:42:45 b28_50 done rc=0 60s
09:42:45 start b28_45 (503,510 states, 0.32502883672714233 GiB cap)
09:43:20 b28_62 done rc=0 65s
09:43:20 b28_45 done rc=0 35s
09:43:20 start b28_42 (281,858 states, 0.2920001149177551 GiB cap)
09:43:20 start b28_46 (248,369 states, 0.2870098650455475 GiB cap)
09:43:40 b28_42 done rc=0 20s
09:43:40 b28_46 done rc=0 20s
09:43:40 start b28_29 (248,369 states, 0.2870098650455475 GiB cap)
09:43:40 start b28_37 (246,403 states, 0.28671690821647644 GiB cap)
09:44:00 b28_29 done rc=0 20s
09:44:00 b28_37 done rc=0 20s
09:44:00 start b28_34 (222,790 states, 0.2831982970237732 GiB cap)
09:44:00 start b28_31 (145,062 states, 0.2716159224510193 GiB cap)
09:44:15 b28_31 done rc=0 15s
09:44:15 start b28_36 (61,338 states, 0.2591400742530823 GiB cap)
09:44:20 b28_34 done rc=0 20s
09:44:20 start b28_25 (25,530 states, 0.2538042664527893 GiB cap)
09:44:25 b28_36 done rc=0 10s
09:44:25 start b28_21 (25,530 states, 0.2538042664527893 GiB cap)
09:44:30 b28_25 done rc=0 10s
09:44:30 start b28_15 (7,583 states, 0.25112995505332947 GiB cap)
09:44:35 b28_21 done rc=0 10s
09:44:35 start b28_23 (6,595 states, 0.25098273158073425 GiB cap)
09:44:40 b28_15 done rc=0 10s
09:44:40 start b28_13 (6,163 states, 0.25091835856437683 GiB cap)
09:44:45 b28_23 done rc=0 10s
09:44:45 start b28_30 (2,778 states, 0.2504139542579651 GiB cap)
09:44:50 b28_13 done rc=0 10s
09:44:50 start b28_11 (1,199 states, 0.25017866492271423 GiB cap)
09:44:55 b28_30 done rc=0 10s
09:44:55 b28_11 done rc=0 5s
09:44:55 start b28_10 (213 states, 0.2500317394733429 GiB cap)
09:44:55 start b28_9 (213 states, 0.2500317394733429 GiB cap)
09:45:05 b28_10 done rc=0 10s
09:45:05 b28_9 done rc=0 10s
09:45:05 start b28_24 (55 states, 0.2500081956386566 GiB cap)
09:45:05 start b28_18 (50 states, 0.2500074505805969 GiB cap)
09:45:10 b28_18 done rc=0 5s
09:45:10 start b28_17 (38 states, 0.25000566244125366 GiB cap)
09:45:15 b28_24 done rc=0 10s
09:45:15 start b28_5 (38 states, 0.25000566244125366 GiB cap)
09:45:20 b28_17 done rc=0 10s
09:45:20 start b28_7 (21 states, 0.2500031292438507 GiB cap)
09:45:25 b28_5 done rc=0 10s
09:45:25 start b28_3 (1 states, 0.25000014901161194 GiB cap)
09:45:30 b28_7 done rc=0 10s
09:45:30 start b28_2 (1 states, 0.25000014901161194 GiB cap)
09:45:35 b28_3 done rc=0 10s
09:45:40 b28_2 done rc=0 10s
finished: 30 failed: {}
