09:18:14 start b24_90 (15,386,349 states, 2.542744666337967 GiB cap)
09:18:14 start b24_74 (3,896,017 states, 0.8305517733097076 GiB cap)
09:29:15 b24_74 done rc=0 661s
09:29:15 start b24_36 (2,461,674 states, 0.6168180108070374 GiB cap)
09:34:40 b24_36 done rc=0 325s
09:34:40 start b24_50 (2,424,851 states, 0.6113309562206268 GiB cap)
09:38:55 b24_50 done rc=0 255s
09:38:55 start b24_46 (1,851,975 states, 0.5259657800197601 GiB cap)
09:41:40 b24_46 done rc=0 165s
09:41:40 start b24_42 (1,615,781 states, 0.4907701313495636 GiB cap)
09:43:35 b24_42 done rc=0 115s
09:43:35 start b24_66 (1,281,608 states, 0.44097447395324707 GiB cap)
09:44:55 b24_66 done rc=0 80s
09:44:55 start b24_58 (1,070,962 states, 0.40958577394485474 GiB cap)
09:46:05 b24_58 done rc=0 70s
09:46:05 start b24_52 (512,624 states, 0.3263869285583496 GiB cap)
09:46:30 b24_52 done rc=0 25s
09:46:30 start b24_26 (332,673 states, 0.2995721399784088 GiB cap)
09:46:55 b24_26 done rc=0 25s
09:46:55 start b24_37 (120,700 states, 0.2679857015609741 GiB cap)
09:47:05 b24_37 done rc=0 10s
09:47:05 start b24_29 (103,751 states, 0.2654601037502289 GiB cap)
09:47:15 b24_29 done rc=0 10s
09:47:15 start b24_30 (59,925 states, 0.2589295208454132 GiB cap)
09:47:25 b24_30 done rc=0 10s
09:47:25 start b24_21 (46,758 states, 0.2569674849510193 GiB cap)
09:47:35 b24_21 done rc=0 10s
09:47:35 start b24_45 (27,753 states, 0.25413551926612854 GiB cap)
09:47:45 b24_45 done rc=0 10s
09:47:45 start b24_18 (15,573 states, 0.2523205578327179 GiB cap)
09:47:55 b24_18 done rc=0 10s
09:47:55 start b24_17 (10,363 states, 0.25154420733451843 GiB cap)
09:48:05 b24_17 done rc=0 10s
09:48:05 start b24_34 (8,700 states, 0.25129640102386475 GiB cap)
09:48:15 b24_34 done rc=0 10s
09:48:15 start b24_15 (8,700 states, 0.25129640102386475 GiB cap)
09:48:25 b24_15 done rc=0 10s
09:48:25 start b24_23 (6,595 states, 0.25098273158073425 GiB cap)
09:48:30 b24_23 done rc=0 5s
09:48:30 start b24_25 (5,816 states, 0.2508666515350342 GiB cap)
09:48:35 b24_25 done rc=0 5s
09:48:35 start b24_33 (5,531 states, 0.2508241832256317 GiB cap)
09:48:40 b24_33 done rc=0 5s
09:48:40 start b24_13 (5,531 states, 0.2508241832256317 GiB cap)
09:48:50 b24_13 done rc=0 10s
09:48:50 start b24_10 (3,196 states, 0.25047624111175537 GiB cap)
09:49:00 b24_10 done rc=0 10s
09:49:00 start b24_11 (260 states, 0.250038743019104 GiB cap)
09:49:10 b24_11 done rc=0 10s
09:49:10 start b24_9 (64 states, 0.25000953674316406 GiB cap)
09:49:20 b24_9 done rc=0 10s
09:49:20 start b24_28 (55 states, 0.2500081956386566 GiB cap)
09:49:25 b24_28 done rc=0 5s
09:49:25 start b24_5 (55 states, 0.2500081956386566 GiB cap)
09:49:35 b24_5 done rc=0 10s
09:49:35 start b24_7 (21 states, 0.2500031292438507 GiB cap)
09:49:40 b24_7 done rc=0 5s
09:49:40 start b24_3 (1 states, 0.25000014901161194 GiB cap)
09:49:50 b24_3 done rc=0 10s
09:49:50 start b24_2 (1 states, 0.25000014901161194 GiB cap)
09:50:00 b24_2 done rc=0 10s
10:01:35 b24_90 done rc=0 2602s
finished: 31 failed: {}
