15:24:18 start b56_58 (45,749,457 states, 7.06720033288002 GiB cap)
15:24:18 start b56_30 (44,692,168 states, 6.9096519947052 GiB cap)
16:37:19 b56_58 done rc=0 4382s
16:37:19 start b56_66 (35,068,115 states, 5.475556343793869 GiB cap)
16:37:19 start b56_53 (7,604,037 states, 1.3830898106098175 GiB cap)
16:53:40 b56_53 done rc=0 980s
16:53:40 start b56_41 (7,604,037 states, 1.3830898106098175 GiB cap)
17:04:20 b56_41 done rc=0 640s
17:04:20 start b56_78 (5,900,296 states, 1.1292126178741455 GiB cap)
17:05:10 b56_30 done rc=1 6052s
17:05:10 start b56_36 (31,127,570 states, 4.888369381427765 GiB cap)
17:10:45 b56_78 done rc=0 385s
17:10:45 start b56_45 (19,881,591 states, 3.212587922811508 GiB cap)
17:31:10 b56_66 done rc=0 3231s
17:31:10 start b56_82 (9,893,909 states, 1.7243073284626007 GiB cap)
17:31:40 b56_45 done rc=0 1255s
17:31:40 start b56_37 (9,893,909 states, 1.7243073284626007 GiB cap)
17:38:55 b56_82 done rc=0 465s
17:38:55 start b56_33 (5,900,296 states, 1.1292126178741455 GiB cap)
17:39:30 b56_37 done rc=0 470s
17:39:30 start b56_34 (4,114,333 states, 0.8630833923816681 GiB cap)
17:42:30 b56_34 done rc=0 180s
17:42:30 start b56_61 (2,985,248 states, 0.6948366165161133 GiB cap)
17:43:51 b56_33 done rc=0 295s
17:43:51 start b56_26 (2,985,248 states, 0.6948366165161133 GiB cap)
17:46:06 b56_36 done rc=0 2456s
17:46:06 start b56_50 (2,742,788 states, 0.6587072610855103 GiB cap)
17:46:21 b56_61 done rc=0 230s
17:46:21 start b56_31 (2,742,788 states, 0.6587072610855103 GiB cap)
17:47:06 b56_26 done rc=0 195s
17:47:06 start b56_69 (1,606,823 states, 0.4894352853298187 GiB cap)
17:47:51 b56_50 done rc=0 105s
17:47:51 start b56_46 (1,599,970 states, 0.48841410875320435 GiB cap)
17:48:06 b56_31 done rc=0 105s
17:48:06 b56_69 done rc=0 60s
17:48:06 start b56_29 (1,599,970 states, 0.48841410875320435 GiB cap)
17:48:06 start b56_62 (1,472,043 states, 0.46935150027275085 GiB cap)
17:48:56 b56_46 done rc=0 65s
17:48:56 start b56_138 (1,331,048 states, 0.44834160804748535 GiB cap)
17:49:01 b56_62 done rc=0 55s
17:49:01 start b56_39 (681,226 states, 0.35151058435440063 GiB cap)
17:49:06 b56_29 done rc=0 60s
17:49:06 start b56_68 (557,872 states, 0.3331294059753418 GiB cap)
17:49:31 b56_39 done rc=0 30s
17:49:31 b56_68 done rc=0 25s
17:49:31 start b56_21 (557,872 states, 0.3331294059753418 GiB cap)
17:49:31 start b56_25 (272,939 states, 0.29067108035087585 GiB cap)
17:49:46 b56_25 done rc=0 15s
17:49:46 start b56_17 (155,909 states, 0.27323225140571594 GiB cap)
17:49:51 b56_138 done rc=0 55s
17:49:51 b56_21 done rc=0 20s
17:49:51 start b56_52 (10,530 states, 0.25156909227371216 GiB cap)
17:49:51 start b56_11 (10,530 states, 0.25156909227371216 GiB cap)
17:49:56 b56_17 done rc=0 10s
17:49:56 b56_52 done rc=0 5s
17:49:56 b56_11 done rc=0 5s
17:49:56 start b56_23 (6,595 states, 0.25098273158073425 GiB cap)
17:49:56 start b56_20 (4,646 states, 0.25069230794906616 GiB cap)
17:49:56 start b56_13 (2,559 states, 0.25038132071495056 GiB cap)
17:50:01 b56_23 done rc=0 5s
17:50:01 b56_20 done rc=0 5s
17:50:01 b56_13 done rc=0 5s
17:50:01 start b56_10 (213 states, 0.2500317394733429 GiB cap)
17:50:01 start b56_9 (213 states, 0.2500317394733429 GiB cap)
17:50:01 start b56_15 (121 states, 0.25001803040504456 GiB cap)
17:50:06 b56_10 done rc=0 5s
17:50:06 b56_9 done rc=0 5s
17:50:06 b56_15 done rc=0 5s
17:50:06 start b56_18 (50 states, 0.2500074505805969 GiB cap)
17:50:06 start b56_5 (50 states, 0.2500074505805969 GiB cap)
17:50:06 start b56_7 (21 states, 0.2500031292438507 GiB cap)
17:50:11 b56_18 done rc=0 5s
17:50:11 b56_5 done rc=0 5s
17:50:11 b56_7 done rc=0 5s
17:50:11 start b56_3 (1 states, 0.25000014901161194 GiB cap)
17:50:11 start b56_2 (1 states, 0.25000014901161194 GiB cap)
17:50:16 b56_3 done rc=0 5s
17:50:16 b56_2 done rc=0 5s
finished: 39 failed: {30: 1}
