r=16-38-56-60 e=   2 resolved  reply=3 via=finite odd witness tried=1 0.1s
r=16-38-56-60 e=   4 resolved  reply=6 via=node C tried=- 0.0s
r=16-38-56-60 e=   6 resolved  reply=4 via=node C tried=- 0.0s
r=16-38-56-60 e=   8 resolved  reply=14 via=node E tried=- 0.0s
r=16-38-56-60 e=  10 resolved  reply=9 via=finite odd witness tried=3 0.1s
r=16-38-56-60 e=  12 resolved  reply=14 via=node F tried=- 0.0s
r=16-38-56-60 e=  14 resolved  reply=8 via=node E tried=- 0.0s
r=16-38-56-60 e=  18 resolved  reply=5 via=finite odd witness tried=2 0.1s
r=16-38-56-60 e=  20 resolved  reply=13 via=finite odd witness tried=6 0.1s
r=16-38-56-60 e=  22 resolved  reply=12 via=node P0 tried=- 0.0s
r=16-38-56-60 e=  24 resolved  reply=44 via=search: P (resolve_16-24-38-44) tried=- 0.0s
r=16-38-56-60 e=  26 resolved  reply=61 via=finite odd witness tried=30 6.4s
r=16-38-56-60 e=  28 resolved  reply=40 via=search: P (resolve_16-28-38-40) tried=- 0.0s
r=16-38-56-60 e=  30 resolved  reply=235 via=finite odd witness tried=117 124.5s
r=16-38-56-60 e=  34 resolved  reply=47 via=finite odd witness tried=23 8.8s
r=16-38-56-60 e=  36 resolved  reply=111 via=finite odd witness tried=55 57.4s
r=16-38-56-60 e=  40 resolved  reply=28 via=search: P (resolve_16-28-38-40) tried=- 0.0s
r=16-38-56-60 e=  42 resolved  reply=295 via=finite odd witness tried=147 621.2s
r=16-38-56-60 e=  44 resolved  reply=24 via=search: P (resolve_16-24-38-44) tried=- 0.0s
r=16-38-56-60 e=  46 resolved  reply=29 via=finite odd witness tried=11 3.7s
r=16-38-56-60 e=  50 resolved  reply=31 via=finite odd witness tried=15 7.6s
r=16-38-56-60 e=  52 resolved  reply=11 via=finite odd witness tried=5 0.1s
r=16-38-56-60 e=  58 resolved  reply=71 via=finite odd witness tried=35 100.3s
r=16-38-56-60 e=  62 resolved  reply=25 via=finite odd witness tried=12 6.3s
r=16-38-56-60 e=  66 resolved  reply=57 via=finite odd witness tried=28 92.9s
r=16-38-56-60 e=  68 resolved  reply=21 via=finite odd witness tried=9 1.3s
r=16-38-56-60 e=  74 open      reply=None via=None tried=96 5616.6s
r=16-38-56-60 e=  78 resolved  reply=33 via=finite odd witness tried=15 36.8s
r=16-38-56-60 e=  82 resolved  reply=37 via=finite odd witness tried=14 36.1s
r=16-38-56-60 e=  84 resolved  reply=109 via=finite odd witness tried=54 770.1s
r=16-38-56-60 e=  90 resolved  reply=145 via=finite odd witness tried=72 2750.2s
r=16-38-56-60 e= 100 resolved  reply=75 via=finite odd witness tried=37 741.9s
r=16-38-56-60 e= 106 resolved  reply=75 via=finite odd witness tried=37 1167.0s
r=16-38-56-60 e= 122 resolved  reply=93 via=finite odd witness tried=46 1267.7s
r=16-38-56-60 e= 138 resolved  reply=19 via=finite odd witness tried=16 70.6s
summary: {'resolved': 34, 'short: needs even': 0, 'open': 1, 'REFUTES r': 0} of 35
