r=16-24-38-44 e=   2 resolved  reply=3 via=finite odd witness tried=1 0.1s
r=16-24-38-44 e=   4 resolved  reply=6 via=node C tried=- 0.0s
r=16-24-38-44 e=   6 resolved  reply=4 via=node C tried=- 0.0s
r=16-24-38-44 e=   8 resolved  reply=14 via=node E tried=- 0.0s
r=16-24-38-44 e=  10 resolved  reply=47 via=finite odd witness tried=23 0.1s
r=16-24-38-44 e=  12 resolved  reply=14 via=node F tried=- 0.0s
r=16-24-38-44 e=  14 resolved  reply=8 via=node E tried=- 0.0s
r=16-24-38-44 e=  18 resolved  reply=25 via=finite odd witness tried=12 0.1s
r=16-24-38-44 e=  20 resolved  reply=22 via=search: P candidate (pair search of {16,20,24,38}) tried=- 0.0s
r=16-24-38-44 e=  22 resolved  reply=12 via=node P0 tried=- 0.0s
r=16-24-38-44 e=  26 resolved  reply=73 via=finite odd witness tried=36 0.7s
r=16-24-38-44 e=  28 resolved  reply=5 via=finite odd witness tried=1 0.1s
r=16-24-38-44 e=  30 resolved  reply=23 via=finite odd witness tried=12 0.2s
r=16-24-38-44 e=  34 resolved  reply=15 via=finite odd witness tried=7 0.2s
r=16-24-38-44 e=  36 resolved  reply=127 via=finite odd witness tried=63 10.2s
r=16-24-38-44 e=  42 resolved  reply=87 via=finite odd witness tried=43 3.0s
r=16-24-38-44 e=  46 resolved  reply=71 via=finite odd witness tried=35 4.1s
r=16-24-38-44 e=  50 resolved  reply=91 via=finite odd witness tried=45 6.0s
r=16-24-38-44 e=  52 resolved  reply=39 via=finite odd witness tried=19 1.2s
r=16-24-38-44 e=  58 resolved  reply=51 via=finite odd witness tried=25 2.1s
r=16-24-38-44 e=  66 resolved  reply=53 via=finite odd witness tried=26 1.7s
r=16-24-38-44 e=  74 resolved  reply=89 via=finite odd witness tried=44 5.2s
r=16-24-38-44 e=  90 resolved  reply=241 via=finite odd witness tried=120 47.7s
summary: {'resolved': 23, 'short: needs even': 0, 'open': 0, 'REFUTES r': 0} of 23
